Component: ARM Compiler 5.06 update 7 (build 960) Tool: armlink [4d3601]

==============================================================================

Section Cross References

    startup_stm32f103xe.o(RESET) refers to startup_stm32f103xe.o(STACK) for __initial_sp
    startup_stm32f103xe.o(RESET) refers to startup_stm32f103xe.o(.text) for Reset_Handler
    startup_stm32f103xe.o(RESET) refers to stm32f1xx_it.o(i.NMI_Handler) for NMI_Handler
    startup_stm32f103xe.o(RESET) refers to stm32f1xx_it.o(i.HardFault_Handler) for HardFault_Handler
    startup_stm32f103xe.o(RESET) refers to stm32f1xx_it.o(i.MemManage_Handler) for MemManage_Handler
    startup_stm32f103xe.o(RESET) refers to stm32f1xx_it.o(i.BusFault_Handler) for BusFault_Handler
    startup_stm32f103xe.o(RESET) refers to stm32f1xx_it.o(i.UsageFault_Handler) for UsageFault_Handler
    startup_stm32f103xe.o(RESET) refers to stm32f1xx_it.o(i.SVC_Handler) for SVC_Handler
    startup_stm32f103xe.o(RESET) refers to stm32f1xx_it.o(i.DebugMon_Handler) for DebugMon_Handler
    startup_stm32f103xe.o(RESET) refers to stm32f1xx_it.o(i.PendSV_Handler) for PendSV_Handler
    startup_stm32f103xe.o(RESET) refers to stm32f1xx_it.o(i.SysTick_Handler) for SysTick_Handler
    startup_stm32f103xe.o(RESET) refers to stm32f1xx_it.o(i.TIM3_IRQHandler) for TIM3_IRQHandler
    startup_stm32f103xe.o(RESET) refers to stm32f1xx_it.o(i.TIM4_IRQHandler) for TIM4_IRQHandler
    startup_stm32f103xe.o(RESET) refers to stm32f1xx_it.o(i.USART1_IRQHandler) for USART1_IRQHandler
    startup_stm32f103xe.o(.text) refers to system_stm32f1xx.o(i.SystemInit) for SystemInit
    startup_stm32f103xe.o(.text) refers to entry.o(.ARM.Collect$$$$00000000) for __main
    main.o(i.HAL_TIM_PeriodElapsedCallback) refers to tim.o(.bss) for htim4
    main.o(i.HAL_TIM_PeriodElapsedCallback) refers to main.o(.data) for .data
    main.o(i.HAL_TIM_PeriodElapsedCallback) refers to porttimer.o(i.prvvTIMERExpiredISR) for prvvTIMERExpiredISR
    main.o(i.HAL_TIM_PeriodElapsedCallback) refers to dfltui.o(.text) for __aeabi_ui2d
    main.o(i.HAL_TIM_PeriodElapsedCallback) refers to cdrcmple.o(.text) for __aeabi_cdrcmple
    main.o(i.HAL_TIM_PeriodElapsedCallback) refers to dflti.o(.text) for __aeabi_i2d
    main.o(i.HAL_TIM_PeriodElapsedCallback) refers to ddiv.o(.text) for __aeabi_ddiv
    main.o(i.HAL_TIM_PeriodElapsedCallback) refers to d2f.o(.text) for __aeabi_d2f
    main.o(i.HAL_TIM_PeriodElapsedCallback) refers to ffltui.o(.text) for __aeabi_ui2f
    main.o(i.HAL_TIM_PeriodElapsedCallback) refers to fadd.o(.text) for __aeabi_fsub
    main.o(i.HAL_TIM_PeriodElapsedCallback) refers to ffixi.o(.text) for __aeabi_f2iz
    main.o(i.HAL_TIM_PeriodElapsedCallback) refers to fflti.o(.text) for __aeabi_i2f
    main.o(i.HAL_TIM_PeriodElapsedCallback) refers to fmul.o(.text) for __aeabi_fmul
    main.o(i.HAL_TIM_PeriodElapsedCallback) refers to stm32f1xx_hal_gpio.o(i.HAL_GPIO_WritePin) for HAL_GPIO_WritePin
    main.o(i.SystemClock_Config) refers to memseta.o(.text) for __aeabi_memclr4
    main.o(i.SystemClock_Config) refers to stm32f1xx_hal_rcc.o(i.HAL_RCC_OscConfig) for HAL_RCC_OscConfig
    main.o(i.SystemClock_Config) refers to stm32f1xx_hal_rcc.o(i.HAL_RCC_ClockConfig) for HAL_RCC_ClockConfig
    main.o(i.main) refers to tim.o(.bss) for htim2
    main.o(i.main) refers to main.o(.bss) for .bss
    main.o(i.main) refers to main.o(.data) for .data
    main.o(i.main) refers to stm32f1xx_hal.o(i.HAL_Init) for HAL_Init
    main.o(i.main) refers to main.o(i.SystemClock_Config) for SystemClock_Config
    main.o(i.main) refers to gpio.o(i.MX_GPIO_Init) for MX_GPIO_Init
    main.o(i.main) refers to tim.o(i.MX_TIM1_Init) for MX_TIM1_Init
    main.o(i.main) refers to tim.o(i.MX_TIM2_Init) for MX_TIM2_Init
    main.o(i.main) refers to tim.o(i.MX_TIM3_Init) for MX_TIM3_Init
    main.o(i.main) refers to usart.o(i.MX_USART1_UART_Init) for MX_USART1_UART_Init
    main.o(i.main) refers to tim.o(i.MX_TIM4_Init) for MX_TIM4_Init
    main.o(i.main) refers to i2c.o(i.MX_I2C1_Init) for MX_I2C1_Init
    main.o(i.main) refers to stm32f1xx_hal_tim.o(i.HAL_TIM_PWM_Start) for HAL_TIM_PWM_Start
    main.o(i.main) refers to stm32f1xx_hal_tim.o(i.HAL_TIM_Base_Start_IT) for HAL_TIM_Base_Start_IT
    main.o(i.main) refers to stm32f1xx_hal_tim.o(i.HAL_TIM_Encoder_Start) for HAL_TIM_Encoder_Start
    main.o(i.main) refers to mb_4.o(i.eMBInit) for eMBInit
    main.o(i.main) refers to mb_4.o(i.eMBEnable) for eMBEnable
    main.o(i.main) refers to mb_4.o(i.eMBPoll) for eMBPoll
    main.o(i.main) refers to fmul.o(.text) for __aeabi_fmul
    main.o(i.main) refers to ffixui.o(.text) for __aeabi_f2uiz
    main.o(i.main) refers to ffltui.o(.text) for __aeabi_ui2f
    main.o(i.parm_read) refers to i2c.o(.bss) for hi2c1
    main.o(i.parm_read) refers to main.o(.data) for .data
    main.o(i.parm_read) refers to main.o(.bss) for .bss
    main.o(i.parm_read) refers to stm32f1xx_hal_i2c.o(i.HAL_I2C_Mem_Read) for HAL_I2C_Mem_Read
[...]
    ../Drivers/STM32F1xx_HAL_Driver/Src/stm32f1xx_hal_uart.c 0x00000000   Number         0  stm32f1xx_hal_uart.o ABSOLUTE
    ../Src/gpio.c                            0x00000000   Number         0  gpio.o ABSOLUTE
    ../Src/i2c.c                             0x00000000   Number         0  i2c.o ABSOLUTE
    ../Src/main.c                            0x00000000   Number         0  main.o ABSOLUTE
    ../Src/stm32f1xx_hal_msp.c               0x00000000   Number         0  stm32f1xx_hal_msp.o ABSOLUTE
    ../Src/stm32f1xx_it.c                    0x00000000   Number         0  stm32f1xx_it.o ABSOLUTE
    ../Src/system_stm32f1xx.c                0x00000000   Number         0  system_stm32f1xx.o ABSOLUTE
    ../Src/tim.c                             0x00000000   Number         0  tim.o ABSOLUTE
    ../Src/usart.c                           0x00000000   Number         0  usart.o ABSOLUTE
    ../clib/microlib/init/entry.s            0x00000000   Number         0  entry10a.o ABSOLUTE
    ../clib/microlib/init/entry.s            0x00000000   Number         0  entry11b.o ABSOLUTE
    ../clib/microlib/init/entry.s            0x00000000   Number         0  entry10b.o ABSOLUTE
    ../clib/microlib/init/entry.s            0x00000000   Number         0  entry9b.o ABSOLUTE
    ../clib/microlib/init/entry.s            0x00000000   Number         0  entry9a.o ABSOLUTE
    ../clib/microlib/init/entry.s            0x00000000   Number         0  entry8b.o ABSOLUTE
    ../clib/microlib/init/entry.s            0x00000000   Number         0  entry2.o ABSOLUTE
    ../clib/microlib/init/entry.s            0x00000000   Number         0  entry12a.o ABSOLUTE
    ../clib/microlib/init/entry.s            0x00000000   Number         0  entry7b.o ABSOLUTE
    ../clib/microlib/init/entry.s            0x00000000   Number         0  entry12b.o ABSOLUTE
    ../clib/microlib/init/entry.s            0x00000000   Number         0  entry.o ABSOLUTE
    ../clib/microlib/init/entry.s            0x00000000   Number         0  entry8a.o ABSOLUTE
    ../clib/microlib/init/entry.s            0x00000000   Number         0  entry5.o ABSOLUTE
    ../clib/microlib/init/entry.s            0x00000000   Number         0  entry7a.o ABSOLUTE
    ../clib/microlib/init/entry.s            0x00000000   Number         0  entry11a.o ABSOLUTE
    ../clib/microlib/longlong.c              0x00000000   Number         0  llshl.o ABSOLUTE
    ../clib/microlib/longlong.c              0x00000000   Number         0  llushr.o ABSOLUTE
    ../clib/microlib/stdlib/abort.c          0x00000000   Number         0  abort.o ABSOLUTE
    ../clib/microlib/string/memcpy.c         0x00000000   Number         0  memcpyb.o ABSOLUTE
    ../clib/microlib/string/memcpy.c         0x00000000   Number         0  memcpya.o ABSOLUTE
    ../clib/microlib/string/memset.c         0x00000000   Number         0  memseta.o ABSOLUTE
    ../clib/microlib/stubs.s                 0x00000000   Number         0  iusefp.o ABSOLUTE
    ../fplib/microlib/d2f.c                  0x00000000   Number         0  d2f.o ABSOLUTE
    ../fplib/microlib/fpadd.c                0x00000000   Number         0  fadd.o ABSOLUTE
    ../fplib/microlib/fpdiv.c                0x00000000   Number         0  ddiv.o ABSOLUTE
    ../fplib/microlib/fpepilogue.c           0x00000000   Number         0  fepilogue.o ABSOLUTE
    ../fplib/microlib/fpepilogue.c           0x00000000   Number         0  depilogue.o ABSOLUTE
    ../fplib/microlib/fpfix.c                0x00000000   Number         0  ffixi.o ABSOLUTE
    ../fplib/microlib/fpfix.c                0x00000000   Number         0  ffixui.o ABSOLUTE
    ../fplib/microlib/fpflt.c                0x00000000   Number         0  fflti.o ABSOLUTE
    ../fplib/microlib/fpflt.c                0x00000000   Number         0  ffltui.o ABSOLUTE
    ../fplib/microlib/fpflt.c                0x00000000   Number         0  dflti.o ABSOLUTE
    ../fplib/microlib/fpflt.c                0x00000000   Number         0  dfltui.o ABSOLUTE
    ../fplib/microlib/fpmul.c                0x00000000   Number         0  fmul.o ABSOLUTE
    ..\Drivers\STM32F1xx_HAL_Driver\Src\stm32f1xx_hal.c 0x00000000   Number         0  stm32f1xx_hal.o ABSOLUTE
    ..\Drivers\STM32F1xx_HAL_Driver\Src\stm32f1xx_hal_cortex.c 0x00000000   Number         0  stm32f1xx_hal_cortex.o ABSOLUTE
    ..\Drivers\STM32F1xx_HAL_Driver\Src\stm32f1xx_hal_dma.c 0x00000000   Number         0  stm32f1xx_hal_dma.o ABSOLUTE
    ..\Drivers\STM32F1xx_HAL_Driver\Src\stm32f1xx_hal_exti.c 0x00000000   Number         0  stm32f1xx_hal_exti.o ABSOLUTE
    ..\Drivers\STM32F1xx_HAL_Driver\Src\stm32f1xx_hal_flash.c 0x00000000   Number         0  stm32f1xx_hal_flash.o ABSOLUTE
    ..\Drivers\STM32F1xx_HAL_Driver\Src\stm32f1xx_hal_flash_ex.c 0x00000000   Number         0  stm32f1xx_hal_flash_ex.o ABSOLUTE
    ..\Drivers\STM32F1xx_HAL_Driver\Src\stm32f1xx_hal_gpio.c 0x00000000   Number         0  stm32f1xx_hal_gpio.o ABSOLUTE
    ..\Drivers\STM32F1xx_HAL_Driver\Src\stm32f1xx_hal_gpio_ex.c 0x00000000   Number         0  stm32f1xx_hal_gpio_ex.o ABSOLUTE
    ..\Drivers\STM32F1xx_HAL_Driver\Src\stm32f1xx_hal_i2c.c 0x00000000   Number         0  stm32f1xx_hal_i2c.o ABSOLUTE
    ..\Drivers\STM32F1xx_HAL_Driver\Src\stm32f1xx_hal_pwr.c 0x00000000   Number         0  stm32f1xx_hal_pwr.o ABSOLUTE
    ..\Drivers\STM32F1xx_HAL_Driver\Src\stm32f1xx_hal_rcc.c 0x00000000   Number         0  stm32f1xx_hal_rcc.o ABSOLUTE
    ..\Drivers\STM32F1xx_HAL_Driver\Src\stm32f1xx_hal_rcc_ex.c 0x00000000   Number         0  stm32f1xx_hal_rcc_ex.o ABSOLUTE
    ..\Drivers\STM32F1xx_HAL_Driver\Src\stm32f1xx_hal_tim.c 0x00000000   Number         0  stm32f1xx_hal_tim.o ABSOLUTE
    ..\Drivers\STM32F1xx_HAL_Driver\Src\stm32f1xx_hal_tim_ex.c 0x00000000   Number         0  stm32f1xx_hal_tim_ex.o ABSOLUTE
    ..\Drivers\STM32F1xx_HAL_Driver\Src\stm32f1xx_hal_uart.c 0x00000000   Number         0  stm32f1xx_hal_uart.o ABSOLUTE
    ..\Src\gpio.c                            0x00000000   Number         0  gpio.o ABSOLUTE
    ..\Src\i2c.c                             0x00000000   Number         0  i2c.o ABSOLUTE
    ..\Src\main.c                            0x00000000   Number         0  main.o ABSOLUTE
    ..\Src\stm32f1xx_hal_msp.c               0x00000000   Number         0  stm32f1xx_hal_msp.o ABSOLUTE
    ..\Src\stm32f1xx_it.c                    0x00000000   Number         0  stm32f1xx_it.o ABSOLUTE
    ..\Src\system_stm32f1xx.c                0x00000000   Number         0  system_stm32f1xx.o ABSOLUTE
    ..\Src\tim.c                             0x00000000   Number         0  tim.o ABSOLUTE
    ..\Src\usart.c                           0x00000000   Number         0  usart.o ABSOLUTE
    FreeModbus\\demo.c                       0x00000000   Number         0  demo.o ABSOLUTE
    FreeModbus\\modbus\\ascii\\mbascii.c     0x00000000   Number         0  mbascii_1.o ABSOLUTE
    FreeModbus\\modbus\\functions\\mbfunccoils.c 0x00000000   Number         0  mbfunccoils.o ABSOLUTE
    FreeModbus\\modbus\\functions\\mbfuncdisc.c 0x00000000   Number         0  mbfuncdisc.o ABSOLUTE
    FreeModbus\\modbus\\functions\\mbfuncholding.c 0x00000000   Number         0  mbfuncholding.o ABSOLUTE
    FreeModbus\\modbus\\functions\\mbfuncinput.c 0x00000000   Number         0  mbfuncinput.o ABSOLUTE
    FreeModbus\\modbus\\functions\\mbfuncother.c 0x00000000   Number         0  mbfuncother.o ABSOLUTE
    FreeModbus\\modbus\\functions\\mbutils.c 0x00000000   Number         0  mbutils.o ABSOLUTE
    FreeModbus\\modbus\\mb.c                 0x00000000   Number         0  mb_4.o ABSOLUTE
    FreeModbus\\modbus\\rtu\\mbcrc.c         0x00000000   Number         0  mbcrc.o ABSOLUTE
    FreeModbus\\modbus\\rtu\\mbrtu.c         0x00000000   Number         0  mbrtu.o ABSOLUTE
    FreeModbus\\port\\portevent.c            0x00000000   Number         0  portevent.o ABSOLUTE
    FreeModbus\\port\\portserial.c           0x00000000   Number         0  portserial.o ABSOLUTE
    FreeModbus\\port\\porttimer.c            0x00000000   Number         0  porttimer.o ABSOLUTE
    FreeModbus\demo.c                        0x00000000   Number         0  demo.o ABSOLUTE
    FreeModbus\modbus\ascii\mbascii.c        0x00000000   Number         0  mbascii_1.o ABSOLUTE
    FreeModbus\modbus\functions\mbfunccoils.c 0x00000000   Number         0  mbfunccoils.o ABSOLUTE
    FreeModbus\modbus\functions\mbfuncdiag.c 0x00000000   Number         0  mbfuncdiag.o ABSOLUTE
    FreeModbus\modbus\functions\mbfuncdisc.c 0x00000000   Number         0  mbfuncdisc.o ABSOLUTE
    FreeModbus\modbus\functions\mbfuncholding.c 0x00000000   Number         0  mbfuncholding.o ABSOLUTE
    FreeModbus\modbus\functions\mbfuncinput.c 0x00000000   Number         0  mbfuncinput.o ABSOLUTE
    FreeModbus\modbus\functions\mbfuncother.c 0x00000000   Number         0  mbfuncother.o ABSOLUTE
    FreeModbus\modbus\functions\mbutils.c    0x00000000   Number         0  mbutils.o ABSOLUTE
    FreeModbus\modbus\mb.c                   0x00000000   Number         0  mb_4.o ABSOLUTE
    FreeModbus\modbus\rtu\mbcrc.c            0x00000000   Number         0  mbcrc.o ABSOLUTE
    FreeModbus\modbus\rtu\mbrtu.c            0x00000000   Number         0  mbrtu.o ABSOLUTE
    FreeModbus\port\portevent.c              0x00000000   Number         0  portevent.o ABSOLUTE
    FreeModbus\port\portserial.c             0x00000000   Number         0  portserial.o ABSOLUTE
    FreeModbus\port\porttimer.c              0x00000000   Number         0  porttimer.o ABSOLUTE
    cdrcmple.s                               0x00000000   Number         0  cdrcmple.o ABSOLUTE
    dc.s                                     0x00000000   Number         0  dc.o ABSOLUTE
    handlers.s                               0x00000000   Number         0  handlers.o ABSOLUTE
    init.s                                   0x00000000   Number         0  init.o ABSOLUTE
    startup_stm32f103xe.s                    0x00000000   Number         0  startup_stm32f103xe.o ABSOLUTE
    RESET                                    0x08000000   Section      304  startup_stm32f103xe.o(RESET)
    .ARM.Collect$$$$00000000                 0x08000130   Section        0  entry.o(.ARM.Collect$$$$00000000)
    .ARM.Collect$$$$00000001                 0x08000130   Section        4  entry2.o(.ARM.Collect$$$$00000001)
    .ARM.Collect$$$$00000004                 0x08000134   Section        4  entry5.o(.ARM.Collect$$$$00000004)
    .ARM.Collect$$$$00000008                 0x08000138   Section        0  entry7b.o(.ARM.Collect$$$$00000008)
    .ARM.Collect$$$$0000000A                 0x08000138   Section        0  entry8b.o(.ARM.Collect$$$$0000000A)
    .ARM.Collect$$$$0000000B                 0x08000138   Section        8  entry9a.o(.ARM.Collect$$$$0000000B)
    .ARM.Collect$$$$0000000E                 0x08000140   Section        4  entry12b.o(.ARM.Collect$$$$0000000E)
    .ARM.Collect$$$$0000000F                 0x08000144   Section        0  entry10a.o(.ARM.Collect$$$$0000000F)
    .ARM.Collect$$$$00000011                 0x08000144   Section        0  entry11a.o(.ARM.Collect$$$$00000011)
    .ARM.Collect$$$$00002712                 0x08000144   Section        4  entry2.o(.ARM.Collect$$$$00002712)
    __lit__00000000                          0x08000144   Data           4  entry2.o(.ARM.Collect$$$$00002712)
    .text                                    0x08000148   Section       36  startup_stm32f103xe.o(.text)
    .text                                    0x0800016c   Section        0  llushr.o(.text)
    .text                                    0x0800018c   Section        0  memcpya.o(.text)
    .text                                    0x080001b0   Section        0  memseta.o(.text)
    .text                                    0x080001d4   Section        0  fadd.o(.text)
    .text                                    0x08000284   Section        0  fmul.o(.text)
    .text                                    0x080002e8   Section        0  ddiv.o(.text)
    .text                                    0x080003c6   Section        0  fflti.o(.text)
    .text                                    0x080003d8   Section        0  ffltui.o(.text)
    .text                                    0x080003e2   Section        0  dflti.o(.text)
    .text                                    0x08000404   Section        0  dfltui.o(.text)
    .text                                    0x0800041e   Section        0  ffixi.o(.text)
    .text                                    0x08000450   Section        0  ffixui.o(.text)
    .text                                    0x08000478   Section       48  cdrcmple.o(.text)
    .text                                    0x080004a8   Section        0  d2f.o(.text)
    .text                                    0x080004e0   Section        0  iusefp.o(.text)
    .text                                    0x080004e0   Section        0  fepilogue.o(.text)
    .text                                    0x0800054e   Section        0  depilogue.o(.text)
    .text                                    0x08000608   Section       36  init.o(.text)
    .text                                    0x0800062c   Section        0  llshl.o(.text)
    i.BusFault_Handler                       0x0800064a   Section        0  stm32f1xx_it.o(i.BusFault_Handler)
    i.DebugMon_Handler                       0x0800064c   Section        0  stm32f1xx_it.o(i.DebugMon_Handler)
    i.Error_Handler                          0x0800064e   Section        0  main.o(i.Error_Handler)
    i.HAL_DMA_Abort                          0x08000652   Section        0  stm32f1xx_hal_dma.o(i.HAL_DMA_Abort)
    i.HAL_DMA_Abort_IT                       0x08000698   Section        0  stm32f1xx_hal_dma.o(i.HAL_DMA_Abort_IT)
    i.HAL_GPIO_Init                          0x080007f0   Section        0  stm32f1xx_hal_gpio.o(i.HAL_GPIO_Init)
    i.HAL_GPIO_WritePin                      0x080009dc   Section        0  stm32f1xx_hal_gpio.o(i.HAL_GPIO_WritePin)
    i.HAL_GetTick                            0x080009e6   Section        0  stm32f1xx_hal.o(i.HAL_GetTick)
    i.HAL_I2C_Init                           0x080009f2   Section        0  stm32f1xx_hal_i2c.o(i.HAL_I2C_Init)
    i.HAL_I2C_MspInit                        0x08000b86   Section        0  i2c.o(i.HAL_I2C_MspInit)
    i.HAL_IncTick                            0x08000be6   Section        0  stm32f1xx_hal.o(i.HAL_IncTick)
    i.HAL_Init                               0x08000bf8   Section        0  stm32f1xx_hal.o(i.HAL_Init)
    i.HAL_InitTick                           0x08000c1e   Section        0  stm32f1xx_hal.o(i.HAL_InitTick)
    i.HAL_MspInit                            0x08000c60   Section        0  stm32f1xx_hal_msp.o(i.HAL_MspInit)
    i.HAL_NVIC_ClearPendingIRQ               0x08000c9e   Section        0  stm32f1xx_hal_cortex.o(i.HAL_NVIC_ClearPendingIRQ)
    i.HAL_NVIC_EnableIRQ                     0x08000cb8   Section        0  stm32f1xx_hal_cortex.o(i.HAL_NVIC_EnableIRQ)
    i.HAL_NVIC_SetPriority                   0x08000cd2   Section        0  stm32f1xx_hal_cortex.o(i.HAL_NVIC_SetPriority)
    i.HAL_NVIC_SetPriorityGrouping           0x08000d14   Section        0  stm32f1xx_hal_cortex.o(i.HAL_NVIC_SetPriorityGrouping)
    i.HAL_RCC_ClockConfig                    0x08000d38   Section        0  stm32f1xx_hal_rcc.o(i.HAL_RCC_ClockConfig)
    i.HAL_RCC_GetPCLK1Freq                   0x08000e6e   Section        0  stm32f1xx_hal_rcc.o(i.HAL_RCC_GetPCLK1Freq)
    i.HAL_RCC_GetPCLK2Freq                   0x08000e94   Section        0  stm32f1xx_hal_rcc.o(i.HAL_RCC_GetPCLK2Freq)
    i.HAL_RCC_GetSysClockFreq                0x08000eba   Section        0  stm32f1xx_hal_rcc.o(i.HAL_RCC_GetSysClockFreq)
    i.HAL_RCC_OscConfig                      0x08000f18   Section        0  stm32f1xx_hal_rcc.o(i.HAL_RCC_OscConfig)
    i.HAL_SYSTICK_Config                     0x08001242   Section        0  stm32f1xx_hal_cortex.o(i.HAL_SYSTICK_Config)
    i.HAL_TIMEx_BreakCallback                0x0800126a   Section        0  stm32f1xx_hal_tim_ex.o(i.HAL_TIMEx_BreakCallback)
    i.HAL_TIMEx_CommutCallback               0x0800126c   Section        0  stm32f1xx_hal_tim_ex.o(i.HAL_TIMEx_CommutCallback)
    i.HAL_TIMEx_MasterConfigSynchronization  0x0800126e   Section        0  stm32f1xx_hal_tim_ex.o(i.HAL_TIMEx_MasterConfigSynchronization)
    i.HAL_TIM_Base_Init                      0x080012ea   Section        0  stm32f1xx_hal_tim.o(i.HAL_TIM_Base_Init)
    i.HAL_TIM_Base_MspInit                   0x08001344   Section        0  tim.o(i.HAL_TIM_Base_MspInit)
    i.HAL_TIM_Base_Start_IT                  0x080013bc   Section        0  stm32f1xx_hal_tim.o(i.HAL_TIM_Base_Start_IT)
    i.HAL_TIM_Base_Stop_IT                   0x08001428   Section        0  stm32f1xx_hal_tim.o(i.HAL_TIM_Base_Stop_IT)
    i.HAL_TIM_ConfigClockSource              0x08001458   Section        0  stm32f1xx_hal_tim.o(i.HAL_TIM_ConfigClockSource)
    i.HAL_TIM_Encoder_Init                   0x08001534   Section        0  stm32f1xx_hal_tim.o(i.HAL_TIM_Encoder_Init)
    i.HAL_TIM_Encoder_MspInit                0x080015de   Section        0  tim.o(i.HAL_TIM_Encoder_MspInit)
    i.HAL_TIM_Encoder_Start                  0x0800164a   Section        0  stm32f1xx_hal_tim.o(i.HAL_TIM_Encoder_Start)
    i.HAL_TIM_IC_CaptureCallback             0x080016d8   Section        0  stm32f1xx_hal_tim.o(i.HAL_TIM_IC_CaptureCallback)
    i.HAL_TIM_IRQHandler                     0x080016da   Section        0  stm32f1xx_hal_tim.o(i.HAL_TIM_IRQHandler)
    i.HAL_TIM_MspPostInit                    0x08001840   Section        0  tim.o(i.HAL_TIM_MspPostInit)
    i.HAL_TIM_OC_DelayElapsedCallback        0x0800188a   Section        0  stm32f1xx_hal_tim.o(i.HAL_TIM_OC_DelayElapsedCallback)
    i.HAL_TIM_PWM_ConfigChannel              0x0800188c   Section        0  stm32f1xx_hal_tim.o(i.HAL_TIM_PWM_ConfigChannel)
    i.HAL_TIM_PWM_Init                       0x08001958   Section        0  stm32f1xx_hal_tim.o(i.HAL_TIM_PWM_Init)
    i.HAL_TIM_PWM_MspInit                    0x080019b2   Section        0  stm32f1xx_hal_tim.o(i.HAL_TIM_PWM_MspInit)
    i.HAL_TIM_PWM_PulseFinishedCallback      0x080019b4   Section        0  stm32f1xx_hal_tim.o(i.HAL_TIM_PWM_PulseFinishedCallback)
    i.HAL_TIM_PWM_Start                      0x080019b6   Section        0  stm32f1xx_hal_tim.o(i.HAL_TIM_PWM_Start)
    i.HAL_TIM_PeriodElapsedCallback          0x08001a6e   Section        0  main.o(i.HAL_TIM_PeriodElapsedCallback)
    i.HAL_TIM_TriggerCallback                0x08001c0e   Section        0  stm32f1xx_hal_tim.o(i.HAL_TIM_TriggerCallback)
    i.HAL_UARTEx_RxEventCallback             0x08001c10   Section        0  stm32f1xx_hal_uart.o(i.HAL_UARTEx_RxEventCallback)
    i.HAL_UART_ErrorCallback                 0x08001c12   Section        0  stm32f1xx_hal_uart.o(i.HAL_UART_ErrorCallback)
    i.HAL_UART_IRQHandler                    0x08001c14   Section        0  stm32f1xx_hal_uart.o(i.HAL_UART_IRQHandler)
    i.HAL_UART_Init                          0x08001e84   Section        0  stm32f1xx_hal_uart.o(i.HAL_UART_Init)
    i.HAL_UART_MspInit                       0x08001ee8   Section        0  usart.o(i.HAL_UART_MspInit)
    i.HAL_UART_Receive                       0x08001f6c   Section        0  stm32f1xx_hal_uart.o(i.HAL_UART_Receive)
    i.HAL_UART_RxCpltCallback                0x08002018   Section        0  stm32f1xx_hal_uart.o(i.HAL_UART_RxCpltCallback)
    i.HAL_UART_Transmit                      0x0800201a   Section        0  stm32f1xx_hal_uart.o(i.HAL_UART_Transmit)
    i.HAL_UART_TxCpltCallback                0x080020b4   Section        0  stm32f1xx_hal_uart.o(i.HAL_UART_TxCpltCallback)
    i.HardFault_Handler                      0x080020b6   Section        0  stm32f1xx_it.o(i.HardFault_Handler)
    i.MX_GPIO_Init                           0x080020b8   Section        0  gpio.o(i.MX_GPIO_Init)
    i.MX_I2C1_Init                           0x08002162   Section        0  i2c.o(i.MX_I2C1_Init)
    i.MX_TIM1_Init                           0x080021a6   Section        0  tim.o(i.MX_TIM1_Init)
    i.MX_TIM2_Init                           0x08002222   Section        0  tim.o(i.MX_TIM2_Init)
    i.MX_TIM3_Init                           0x080022d8   Section        0  tim.o(i.MX_TIM3_Init)
    i.MX_TIM4_Init                           0x08002350   Section        0  tim.o(i.MX_TIM4_Init)
    i.MX_USART1_UART_Init                    0x080023c6   Section        0  usart.o(i.MX_USART1_UART_Init)
    i.MemManage_Handler                      0x08002402   Section        0  stm32f1xx_it.o(i.MemManage_Handler)
    i.NMI_Handler                            0x08002404   Section        0  stm32f1xx_it.o(i.NMI_Handler)
    i.PendSV_Handler                         0x08002406   Section        0  stm32f1xx_it.o(i.PendSV_Handler)
    i.SVC_Handler                            0x08002408   Section        0  stm32f1xx_it.o(i.SVC_Handler)
    i.SysTick_Handler                        0x0800240a   Section        0  stm32f1xx_it.o(i.SysTick_Handler)
    i.SystemClock_Config                     0x0800240e   Section        0  main.o(i.SystemClock_Config)
    i.SystemInit                             0x0800246c   Section        0  system_stm32f1xx.o(i.SystemInit)
    i.TIM3_IRQHandler                        0x0800246e   Section        0  stm32f1xx_it.o(i.TIM3_IRQHandler)
    i.TIM4_IRQHandler                        0x0800247a   Section        0  stm32f1xx_it.o(i.TIM4_IRQHandler)
    i.TIM_Base_SetConfig                     0x08002486   Section        0  stm32f1xx_hal_tim.o(i.TIM_Base_SetConfig)
    i.TIM_CCxChannelCmd                      0x0800251c   Section        0  stm32f1xx_hal_tim.o(i.TIM_CCxChannelCmd)
    i.TIM_ETR_SetConfig                      0x08002536   Section        0  stm32f1xx_hal_tim.o(i.TIM_ETR_SetConfig)
    i.TIM_ITRx_SetConfig                     0x0800254a   Section        0  stm32f1xx_hal_tim.o(i.TIM_ITRx_SetConfig)
    TIM_ITRx_SetConfig                       0x0800254b   Thumb Code    16  stm32f1xx_hal_tim.o(i.TIM_ITRx_SetConfig)
    i.TIM_OC1_SetConfig                      0x0800255a   Section        0  stm32f1xx_hal_tim.o(i.TIM_OC1_SetConfig)
    TIM_OC1_SetConfig                        0x0800255b   Thumb Code   100  stm32f1xx_hal_tim.o(i.TIM_OC1_SetConfig)
    i.TIM_OC2_SetConfig                      0x080025be   Section        0  stm32f1xx_hal_tim.o(i.TIM_OC2_SetConfig)
    i.TIM_OC3_SetConfig                      0x0800262c   Section        0  stm32f1xx_hal_tim.o(i.TIM_OC3_SetConfig)
    TIM_OC3_SetConfig                        0x0800262d   Thumb Code   108  stm32f1xx_hal_tim.o(i.TIM_OC3_SetConfig)
    i.TIM_OC4_SetConfig                      0x08002698   Section        0  stm32f1xx_hal_tim.o(i.TIM_OC4_SetConfig)
    TIM_OC4_SetConfig                        0x08002699   Thumb Code    78  stm32f1xx_hal_tim.o(i.TIM_OC4_SetConfig)
    i.TIM_TI1_ConfigInputStage               0x080026e6   Section        0  stm32f1xx_hal_tim.o(i.TIM_TI1_ConfigInputStage)
    TIM_TI1_ConfigInputStage                 0x080026e7   Thumb Code    34  stm32f1xx_hal_tim.o(i.TIM_TI1_ConfigInputStage)
    i.TIM_TI2_ConfigInputStage               0x08002708   Section        0  stm32f1xx_hal_tim.o(i.TIM_TI2_ConfigInputStage)
    TIM_TI2_ConfigInputStage                 0x08002709   Thumb Code    36  stm32f1xx_hal_tim.o(i.TIM_TI2_ConfigInputStage)
    i.UART_DMAAbortOnError                   0x0800272c   Section        0  stm32f1xx_hal_uart.o(i.UART_DMAAbortOnError)
    UART_DMAAbortOnError                     0x0800272d   Thumb Code    16  stm32f1xx_hal_uart.o(i.UART_DMAAbortOnError)
    i.UART_EndRxTransfer                     0x0800273c   Section        0  stm32f1xx_hal_uart.o(i.UART_EndRxTransfer)
    UART_EndRxTransfer                       0x0800273d   Thumb Code    78  stm32f1xx_hal_uart.o(i.UART_EndRxTransfer)
    i.UART_Receive_IT                        0x0800278a   Section        0  stm32f1xx_hal_uart.o(i.UART_Receive_IT)
    UART_Receive_IT                          0x0800278b   Thumb Code   194  stm32f1xx_hal_uart.o(i.UART_Receive_IT)
    i.UART_SetConfig                         0x0800284c   Section        0  stm32f1xx_hal_uart.o(i.UART_SetConfig)
    UART_SetConfig                           0x0800284d   Thumb Code   186  stm32f1xx_hal_uart.o(i.UART_SetConfig)
    i.UART_WaitOnFlagUntilTimeout            0x08002906   Section        0  stm32f1xx_hal_uart.o(i.UART_WaitOnFlagUntilTimeout)
    UART_WaitOnFlagUntilTimeout              0x08002907   Thumb Code   120  stm32f1xx_hal_uart.o(i.UART_WaitOnFlagUntilTimeout)
    i.USART1_IRQHandler                      0x0800297e   Section        0  stm32f1xx_it.o(i.USART1_IRQHandler)
    i.UsageFault_Handler                     0x080029b6   Section        0  stm32f1xx_it.o(i.UsageFault_Handler)
    i.__NVIC_SetPriority                     0x080029b8   Section        0  stm32f1xx_hal_cortex.o(i.__NVIC_SetPriority)
    __NVIC_SetPriority                       0x080029b9   Thumb Code    32  stm32f1xx_hal_cortex.o(i.__NVIC_SetPriority)
    i.__scatterload_copy                     0x080029d8   Section       14  handlers.o(i.__scatterload_copy)
    i.__scatterload_null                     0x080029e6   Section        2  handlers.o(i.__scatterload_null)
    i.__scatterload_zeroinit                 0x080029e8   Section       14  handlers.o(i.__scatterload_zeroinit)
    i.eMBASCIIInit                           0x080029f6   Section        0  mbascii_1.o(i.eMBASCIIInit)
    i.eMBASCIIReceive                        0x08002a34   Section        0  mbascii_1.o(i.eMBASCIIReceive)
    i.eMBASCIISend                           0x08002a8a   Section        0  mbascii_1.o(i.eMBASCIISend)
    i.eMBASCIIStart                          0x08002ae0   Section        0  mbascii_1.o(i.eMBASCIIStart)
    i.eMBASCIIStop                           0x08002b06   Section        0  mbascii_1.o(i.eMBASCIIStop)
    i.eMBEnable                              0x08002b22   Section        0  mb_4.o(i.eMBEnable)
    i.eMBFuncReadCoils                       0x08002b44   Section        0  mbfunccoils.o(i.eMBFuncReadCoils)
    i.eMBFuncReadDiscreteInputs              0x08002bb6   Section        0  mbfuncdisc.o(i.eMBFuncReadDiscreteInputs)
    i.eMBFuncReadHoldingRegister             0x08002c28   Section        0  mbfuncholding.o(i.eMBFuncReadHoldingRegister)
    i.eMBFuncReadInputRegister               0x08002c86   Section        0  mbfuncinput.o(i.eMBFuncReadInputRegister)
    i.eMBFuncReadWriteMultipleHoldingRegister 0x08002ce8   Section        0  mbfuncholding.o(i.eMBFuncReadWriteMultipleHoldingRegister)
    i.eMBFuncReportSlaveID                   0x08002d84   Section        0  mbfuncother.o(i.eMBFuncReportSlaveID)
    i.eMBFuncWriteCoil                       0x08002daa   Section        0  mbfunccoils.o(i.eMBFuncWriteCoil)
    i.eMBFuncWriteHoldingRegister            0x08002e00   Section        0  mbfuncholding.o(i.eMBFuncWriteHoldingRegister)
    i.eMBFuncWriteMultipleCoils              0x08002e32   Section        0  mbfunccoils.o(i.eMBFuncWriteMultipleCoils)
    i.eMBFuncWriteMultipleHoldingRegister    0x08002e96   Section        0  mbfuncholding.o(i.eMBFuncWriteMultipleHoldingRegister)
    i.eMBInit                                0x08002ee4   Section        0  mb_4.o(i.eMBInit)
    i.eMBPoll                                0x08002fca   Section        0  mb_4.o(i.eMBPoll)
    i.eMBRTUInit                             0x08003088   Section        0  mbrtu.o(i.eMBRTUInit)
    i.eMBRTUReceive                          0x080030d0   Section        0  mbrtu.o(i.eMBRTUReceive)
    i.eMBRTUSend                             0x08003138   Section        0  mbrtu.o(i.eMBRTUSend)
    i.eMBRTUStart                            0x080031a0   Section        0  mbrtu.o(i.eMBRTUStart)
    i.eMBRTUStop                             0x080031c6   Section        0  mbrtu.o(i.eMBRTUStop)
    i.eMBRegCoilsCB                          0x080031e2   Section        0  demo.o(i.eMBRegCoilsCB)
    i.eMBRegDiscreteCB                       0x080031e6   Section        0  demo.o(i.eMBRegDiscreteCB)
    i.eMBRegHoldingCB                        0x080031ec   Section        0  demo.o(i.eMBRegHoldingCB)
    i.eMBRegInputCB                          0x0800325c   Section        0  demo.o(i.eMBRegInputCB)
    i.main                                   0x08003260   Section        0  main.o(i.main)
    i.prveMBError2Exception                  0x08003350   Section        0  mbutils.o(i.prveMBError2Exception)
    i.prvucMBBIN2CHAR                        0x08003368   Section        0  mbascii_1.o(i.prvucMBBIN2CHAR)
    prvucMBBIN2CHAR                          0x08003369   Thumb Code    28  mbascii_1.o(i.prvucMBBIN2CHAR)
    i.prvucMBLRC                             0x08003384   Section        0  mbascii_1.o(i.prvucMBLRC)
    prvucMBLRC                               0x08003385   Thumb Code    24  mbascii_1.o(i.prvucMBLRC)
    i.prvvTIMERExpiredISR                    0x0800339c   Section        0  porttimer.o(i.prvvTIMERExpiredISR)
    i.prvvUARTRxISR                          0x080033a8   Section        0  portserial.o(i.prvvUARTRxISR)
    i.prvvUARTTxReadyISR                     0x080033b4   Section        0  portserial.o(i.prvvUARTTxReadyISR)
    i.usMBCRC16                              0x080033c0   Section        0  mbcrc.o(i.usMBCRC16)
    i.vMBPortSerialEnable                    0x080033ec   Section        0  portserial.o(i.vMBPortSerialEnable)
    i.vMBPortTimersDisable                   0x08003448   Section        0  porttimer.o(i.vMBPortTimersDisable)
    i.vMBPortTimersEnable                    0x0800346c   Section        0  porttimer.o(i.vMBPortTimersEnable)
    i.xMBASCIIReceiveFSM                     0x08003498   Section        0  mbascii_1.o(i.xMBASCIIReceiveFSM)
    i.xMBASCIITimerT1SExpired                0x0800357c   Section        0  mbascii_1.o(i.xMBASCIITimerT1SExpired)
    i.xMBASCIITransmitFSM                    0x080035ac   Section        0  mbascii_1.o(i.xMBASCIITransmitFSM)
    i.xMBPortEventGet                        0x08003662   Section        0  portevent.o(i.xMBPortEventGet)
    i.xMBPortEventInit                       0x08003680   Section        0  portevent.o(i.xMBPortEventInit)
    i.xMBPortEventPost                       0x08003690   Section        0  portevent.o(i.xMBPortEventPost)
    i.xMBPortSerialGetByte                   0x080036a2   Section        0  portserial.o(i.xMBPortSerialGetByte)
    i.xMBPortSerialInit                      0x080036c0   Section        0  portserial.o(i.xMBPortSerialInit)
    i.xMBPortSerialPutByte                   0x080036c4   Section        0  portserial.o(i.xMBPortSerialPutByte)
    i.xMBPortTimersInit                      0x080036e2   Section        0  porttimer.o(i.xMBPortTimersInit)
    i.xMBRTUReceiveFSM                       0x080036e6   Section        0  mbrtu.o(i.xMBRTUReceiveFSM)
    i.xMBRTUTimerT35Expired                  0x08003752   Section        0  mbrtu.o(i.xMBRTUTimerT35Expired)
    i.xMBRTUTransmitFSM                      0x08003792   Section        0  mbrtu.o(i.xMBRTUTransmitFSM)
    .constdata                               0x080037ee   Section       18  stm32f1xx_hal_rcc.o(.constdata)
    aPredivFactorTable                       0x080037ee   Data           2  stm32f1xx_hal_rcc.o(.constdata)
    aPLLMULFactorTable                       0x080037f0   Data          16  stm32f1xx_hal_rcc.o(.constdata)
    .constdata                               0x08003800   Section       16  system_stm32f1xx.o(.constdata)
    .constdata                               0x08003810   Section        8  system_stm32f1xx.o(.constdata)
    .constdata                               0x08003818   Section      512  mbcrc.o(.constdata)
    aucCRCHi                                 0x08003818   Data         256  mbcrc.o(.constdata)
    aucCRCLo                                 0x08003918   Data         256  mbcrc.o(.constdata)
    c.xMBASCIITransmitFSM.0000001c           0x08003a38   Section        5  mbascii_1.o(c.xMBASCIITransmitFSM.0000001c)
    .data                                    0x20000000   Section       40  main.o(.data)
    j                                        0x20000001   Data           1  main.o(.data)
    j                                        0x20000002   Data           1  main.o(.data)
    .data                                    0x20000028   Section        2  main.o(.data)
    .data                                    0x2000002c   Section       12  stm32f1xx_hal.o(.data)
    .data                                    0x20000038   Section        4  system_stm32f1xx.o(.data)
    .data                                    0x2000003c   Section       12  mbrtu.o(.data)
    eSndState                                0x2000003c   Data           1  mbrtu.o(.data)
    eRcvState                                0x2000003d   Data           1  mbrtu.o(.data)
    usSndBufferCount                         0x2000003e   Data           2  mbrtu.o(.data)
    usRcvBufferPos                           0x20000040   Data           2  mbrtu.o(.data)
    pucSndBufferCur                          0x20000044   Data           4  mbrtu.o(.data)
    .data                                    0x20000048   Section        2  mbfuncother.o(.data)
    usMBSlaveIDLen                           0x20000048   Data           2  mbfuncother.o(.data)
    .data                                    0x2000004c   Section       16  mbascii_1.o(.data)
    eSndState                                0x2000004c   Data           1  mbascii_1.o(.data)
    eRcvState                                0x2000004d   Data           1  mbascii_1.o(.data)
    eBytePos                                 0x2000004e   Data           1  mbascii_1.o(.data)
    ucMBLFCharacter                          0x2000004f   Data           1  mbascii_1.o(.data)
    usRcvBufferPos                           0x20000050   Data           2  mbascii_1.o(.data)
    usSndBufferCount                         0x20000052   Data           2  mbascii_1.o(.data)
    ucASCIIBuf                               0x20000054   Data           4  mbascii_1.o(.data)
    pucSndBufferCur                          0x20000058   Data           4  mbascii_1.o(.data)
    .data                                    0x2000005c   Section      172  mb_4.o(.data)
    eMBState                                 0x2000005c   Data           1  mb_4.o(.data)
    ucRcvAddress                             0x2000005d   Data           1  mb_4.o(.data)
    ucFunctionCode                           0x2000005e   Data           1  mb_4.o(.data)
    eException                               0x2000005f   Data           1  mb_4.o(.data)
    ucMBAddress                              0x20000060   Data           1  mb_4.o(.data)
    eMBCurrentMode                           0x20000061   Data           1  mb_4.o(.data)
    usLength                                 0x20000062   Data           2  mb_4.o(.data)
    ucMBFrame                                0x20000064   Data           4  mb_4.o(.data)
    peMBFrameSendCur                         0x20000068   Data           4  mb_4.o(.data)
    pvMBFrameStartCur                        0x2000006c   Data           4  mb_4.o(.data)
    pvMBFrameStopCur                         0x20000070   Data           4  mb_4.o(.data)
    peMBFrameReceiveCur                      0x20000074   Data           4  mb_4.o(.data)
    pvMBFrameCloseCur                        0x20000078   Data           4  mb_4.o(.data)
    xFuncHandlers                            0x20000088   Data         128  mb_4.o(.data)
    .data                                    0x20000108   Section        2  portevent.o(.data)
    eQueuedEvent                             0x20000108   Data           1  portevent.o(.data)
    xEventInQueue                            0x20000109   Data           1  portevent.o(.data)
    .bss                                     0x2000010c   Section       12  main.o(.bss)
    .bss                                     0x20000118   Section       84  i2c.o(.bss)
    .bss                                     0x2000016c   Section      288  tim.o(.bss)
    .bss                                     0x2000028c   Section       72  usart.o(.bss)
    .bss                                     0x200002d4   Section      256  mbrtu.o(.bss)
    .bss                                     0x200003d4   Section       32  mbfuncother.o(.bss)
    ucMBSlaveID                              0x200003d4   Data          32  mbfuncother.o(.bss)
    STACK                                    0x200003f8   Section     1024  startup_stm32f103xe.o(STACK)

    Global Symbols

    Symbol Name                              Value     Ov Type        Size  Object(Section)

    BuildAttributes$$THM_ISAv4$P$D$K$B$S$PE$A:L22UL41UL21$X:L11$S22US41US21$IEEE1$IW$USESV6$~STKCKD$USESV7$~SHL$OTIME$ROPI$EBA8$MICROLIB$REQ8$PRES8$EABIv2 0x00000000   Number         0  anon$$obj.o ABSOLUTE
    __ARM_use_no_argv                        0x00000000   Number         0  main.o ABSOLUTE
    __arm_fini_                               - Undefined Weak Reference
    __cpp_initialize__aeabi_                  - Undefined Weak Reference
    __cxa_finalize                            - Undefined Weak Reference
    __decompress                              - Undefined Weak Reference
    _clock_init                               - Undefined Weak Reference
    _microlib_exit                            - Undefined Weak Reference
    __Vectors_Size                           0x00000130   Number         0  startup_stm32f103xe.o ABSOLUTE
    __Vectors                                0x08000000   Data           4  startup_stm32f103xe.o(RESET)
    __Vectors_End                            0x08000130   Data           0  startup_stm32f103xe.o(RESET)
    __main                                   0x08000131   Thumb Code     0  entry.o(.ARM.Collect$$$$00000000)
    _main_stk                                0x08000131   Thumb Code     0  entry2.o(.ARM.Collect$$$$00000001)
    _main_scatterload                        0x08000135   Thumb Code     0  entry5.o(.ARM.Collect$$$$00000004)
    __main_after_scatterload                 0x08000139   Thumb Code     0  entry5.o(.ARM.Collect$$$$00000004)
    _main_clock                              0x08000139   Thumb Code     0  entry7b.o(.ARM.Collect$$$$00000008)
    _main_cpp_init                           0x08000139   Thumb Code     0  entry8b.o(.ARM.Collect$$$$0000000A)
    _main_init                               0x08000139   Thumb Code     0  entry9a.o(.ARM.Collect$$$$0000000B)
    __rt_lib_shutdown_fini                   0x08000141   Thumb Code     0  entry12b.o(.ARM.Collect$$$$0000000E)
    __rt_final_cpp                           0x08000145   Thumb Code     0  entry10a.o(.ARM.Collect$$$$0000000F)
    __rt_final_exit                          0x08000145   Thumb Code     0  entry11a.o(.ARM.Collect$$$$00000011)
    Reset_Handler                            0x08000149   Thumb Code     8  startup_stm32f103xe.o(.text)
    ADC1_2_IRQHandler                        0x08000163   Thumb Code     0  startup_stm32f103xe.o(.text)
    ADC3_IRQHandler                          0x08000163   Thumb Code     0  startup_stm32f103xe.o(.text)
    CAN1_RX1_IRQHandler                      0x08000163   Thumb Code     0  startup_stm32f103xe.o(.text)
    CAN1_SCE_IRQHandler                      0x08000163   Thumb Code     0  startup_stm32f103xe.o(.text)
    DMA1_Channel1_IRQHandler                 0x08000163   Thumb Code     0  startup_stm32f103xe.o(.text)
    DMA1_Channel2_IRQHandler                 0x08000163   Thumb Code     0  startup_stm32f103xe.o(.text)
    DMA1_Channel3_IRQHandler                 0x08000163   Thumb Code     0  startup_stm32f103xe.o(.text)
    DMA1_Channel4_IRQHandler                 0x08000163   Thumb Code     0  startup_stm32f103xe.o(.text)
    DMA1_Channel5_IRQHandler                 0x08000163   Thumb Code     0  startup_stm32f103xe.o(.text)
    DMA1_Channel6_IRQHandler                 0x08000163   Thumb Code     0  startup_stm32f103xe.o(.text)
    DMA1_Channel7_IRQHandler                 0x08000163   Thumb Code     0  startup_stm32f103xe.o(.text)
    DMA2_Channel1_IRQHandler                 0x08000163   Thumb Code     0  startup_stm32f103xe.o(.text)
    DMA2_Channel2_IRQHandler                 0x08000163   Thumb Code     0  startup_stm32f103xe.o(.text)
    DMA2_Channel3_IRQHandler                 0x08000163   Thumb Code     0  startup_stm32f103xe.o(.text)
    DMA2_Channel4_5_IRQHandler               0x08000163   Thumb Code     0  startup_stm32f103xe.o(.text)
    EXTI0_IRQHandler                         0x08000163   Thumb Code     0  startup_stm32f103xe.o(.text)
    EXTI15_10_IRQHandler                     0x08000163   Thumb Code     0  startup_stm32f103xe.o(.text)
    EXTI1_IRQHandler                         0x08000163   Thumb Code     0  startup_stm32f103xe.o(.text)
    EXTI2_IRQHandler                         0x08000163   Thumb Code     0  startup_stm32f103xe.o(.text)
    EXTI3_IRQHandler                         0x08000163   Thumb Code     0  startup_stm32f103xe.o(.text)
    EXTI4_IRQHandler                         0x08000163   Thumb Code     0  startup_stm32f103xe.o(.text)
    EXTI9_5_IRQHandler                       0x08000163   Thumb Code     0  startup_stm32f103xe.o(.text)
    FLASH_IRQHandler                         0x08000163   Thumb Code     0  startup_stm32f103xe.o(.text)
    FSMC_IRQHandler                          0x08000163   Thumb Code     0  startup_stm32f103xe.o(.text)
    I2C1_ER_IRQHandler                       0x08000163   Thumb Code     0  startup_stm32f103xe.o(.text)
    I2C1_EV_IRQHandler                       0x08000163   Thumb Code     0  startup_stm32f103xe.o(.text)
    I2C2_ER_IRQHandler                       0x08000163   Thumb Code     0  startup_stm32f103xe.o(.text)
    I2C2_EV_IRQHandler                       0x08000163   Thumb Code     0  startup_stm32f103xe.o(.text)
    PVD_IRQHandler                           0x08000163   Thumb Code     0  startup_stm32f103xe.o(.text)
    RCC_IRQHandler                           0x08000163   Thumb Code     0  startup_stm32f103xe.o(.text)
    RTC_Alarm_IRQHandler                     0x08000163   Thumb Code     0  startup_stm32f103xe.o(.text)
    RTC_IRQHandler                           0x08000163   Thumb Code     0  startup_stm32f103xe.o(.text)
    SDIO_IRQHandler                          0x08000163   Thumb Code     0  startup_stm32f103xe.o(.text)
    SPI1_IRQHandler                          0x08000163   Thumb Code     0  startup_stm32f103xe.o(.text)
    SPI2_IRQHandler                          0x08000163   Thumb Code     0  startup_stm32f103xe.o(.text)
    SPI3_IRQHandler                          0x08000163   Thumb Code     0  startup_stm32f103xe.o(.text)
    TAMPER_IRQHandler                        0x08000163   Thumb Code     0  startup_stm32f103xe.o(.text)
    TIM1_BRK_IRQHandler                      0x08000163   Thumb Code     0  startup_stm32f103xe.o(.text)
    TIM1_CC_IRQHandler                       0x08000163   Thumb Code     0  startup_stm32f103xe.o(.text)
    TIM1_TRG_COM_IRQHandler                  0x08000163   Thumb Code     0  startup_stm32f103xe.o(.text)
    TIM1_UP_IRQHandler                       0x08000163   Thumb Code     0  startup_stm32f103xe.o(.text)
    TIM2_IRQHandler                          0x08000163   Thumb Code     0  startup_stm32f103xe.o(.text)
    TIM5_IRQHandler                          0x08000163   Thumb Code     0  startup_stm32f103xe.o(.text)
    TIM6_IRQHandler                          0x08000163   Thumb Code     0  startup_stm32f103xe.o(.text)
    TIM7_IRQHandler                          0x08000163   Thumb Code     0  startup_stm32f103xe.o(.text)
    TIM8_BRK_IRQHandler                      0x08000163   Thumb Code     0  startup_stm32f103xe.o(.text)
    TIM8_CC_IRQHandler                       0x08000163   Thumb Code     0  startup_stm32f103xe.o(.text)
    TIM8_TRG_COM_IRQHandler                  0x08000163   Thumb Code     0  startup_stm32f103xe.o(.text)
    TIM8_UP_IRQHandler                       0x08000163   Thumb Code     0  startup_stm32f103xe.o(.text)
    UART4_IRQHandler                         0x08000163   Thumb Code     0  startup_stm32f103xe.o(.text)
    UART5_IRQHandler                         0x08000163   Thumb Code     0  startup_stm32f103xe.o(.text)
    USART2_IRQHandler                        0x08000163   Thumb Code     0  startup_stm32f103xe.o(.text)
    USART3_IRQHandler                        0x08000163   Thumb Code     0  startup_stm32f103xe.o(.text)
    USBWakeUp_IRQHandler                     0x08000163   Thumb Code     0  startup_stm32f103xe.o(.text)
    USB_HP_CAN1_TX_IRQHandler                0x08000163   Thumb Code     0  startup_stm32f103xe.o(.text)
    USB_LP_CAN1_RX0_IRQHandler               0x08000163   Thumb Code     0  startup_stm32f103xe.o(.text)
    WWDG_IRQHandler                          0x08000163   Thumb Code     0  startup_stm32f103xe.o(.text)
    __aeabi_llsr                             0x0800016d   Thumb Code    32  llushr.o(.text)
    _ll_ushift_r                             0x0800016d   Thumb Code     0  llushr.o(.text)
    __aeabi_memcpy                           0x0800018d   Thumb Code    36  memcpya.o(.text)
    __aeabi_memcpy4                          0x0800018d   Thumb Code     0  memcpya.o(.text)
    __aeabi_memcpy8                          0x0800018d   Thumb Code     0  memcpya.o(.text)
    __aeabi_memset                           0x080001b1   Thumb Code    14  memseta.o(.text)
    __aeabi_memset4                          0x080001b1   Thumb Code     0  memseta.o(.text)
    __aeabi_memset8                          0x080001b1   Thumb Code     0  memseta.o(.text)
    __aeabi_memclr                           0x080001bf   Thumb Code     4  memseta.o(.text)
    __aeabi_memclr4                          0x080001bf   Thumb Code     0  memseta.o(.text)
    __aeabi_memclr8                          0x080001bf   Thumb Code     0  memseta.o(.text)
    _memset$wrapper                          0x080001c3   Thumb Code    18  memseta.o(.text)
    __aeabi_fadd                             0x080001d5   Thumb Code   164  fadd.o(.text)
    __aeabi_fsub                             0x08000279   Thumb Code     6  fadd.o(.text)
    __aeabi_frsub                            0x0800027f   Thumb Code     6  fadd.o(.text)
    __aeabi_fmul                             0x08000285   Thumb Code   100  fmul.o(.text)
    __aeabi_ddiv                             0x080002e9   Thumb Code   222  ddiv.o(.text)
    __aeabi_i2f                              0x080003c7   Thumb Code    18  fflti.o(.text)
    __aeabi_ui2f                             0x080003d9   Thumb Code    10  ffltui.o(.text)
    __aeabi_i2d                              0x080003e3   Thumb Code    34  dflti.o(.text)
    __aeabi_ui2d                             0x08000405   Thumb Code    26  dfltui.o(.text)
    __aeabi_f2iz                             0x0800041f   Thumb Code    50  ffixi.o(.text)
    __aeabi_f2uiz                            0x08000451   Thumb Code    40  ffixui.o(.text)
    __aeabi_cdrcmple                         0x08000479   Thumb Code    48  cdrcmple.o(.text)
    __aeabi_d2f                              0x080004a9   Thumb Code    56  d2f.o(.text)
    __I$use$fp                               0x080004e1   Thumb Code     0  iusefp.o(.text)
    _float_round                             0x080004e1   Thumb Code    18  fepilogue.o(.text)
    _float_epilogue                          0x080004f3   Thumb Code    92  fepilogue.o(.text)
    _double_round                            0x0800054f   Thumb Code    30  depilogue.o(.text)
    _double_epilogue                         0x0800056d   Thumb Code   156  depilogue.o(.text)
    __scatterload                            0x08000609   Thumb Code    28  init.o(.text)
    __scatterload_rt2                        0x08000609   Thumb Code     0  init.o(.text)
    __aeabi_llsl                             0x0800062d   Thumb Code    30  llshl.o(.text)
    _ll_shift_l                              0x0800062d   Thumb Code     0  llshl.o(.text)
    BusFault_Handler                         0x0800064b   Thumb Code     2  stm32f1xx_it.o(i.BusFault_Handler)
    DebugMon_Handler                         0x0800064d   Thumb Code     2  stm32f1xx_it.o(i.DebugMon_Handler)
    Error_Handler                            0x0800064f   Thumb Code     4  main.o(i.Error_Handler)
    HAL_DMA_Abort                            0x08000653   Thumb Code    70  stm32f1xx_hal_dma.o(i.HAL_DMA_Abort)
    HAL_DMA_Abort_IT                         0x08000699   Thumb Code   344  stm32f1xx_hal_dma.o(i.HAL_DMA_Abort_IT)
    HAL_GPIO_Init                            0x080007f1   Thumb Code   492  stm32f1xx_hal_gpio.o(i.HAL_GPIO_Init)
    HAL_GPIO_WritePin                        0x080009dd   Thumb Code    10  stm32f1xx_hal_gpio.o(i.HAL_GPIO_WritePin)
    HAL_GetTick                              0x080009e7   Thumb Code    12  stm32f1xx_hal.o(i.HAL_GetTick)
    HAL_I2C_Init                             0x080009f3   Thumb Code   404  stm32f1xx_hal_i2c.o(i.HAL_I2C_Init)
    HAL_I2C_MspInit                          0x08000b87   Thumb Code    96  i2c.o(i.HAL_I2C_MspInit)
    HAL_IncTick                              0x08000be7   Thumb Code    18  stm32f1xx_hal.o(i.HAL_IncTick)
    HAL_Init                                 0x08000bf9   Thumb Code    38  stm32f1xx_hal.o(i.HAL_Init)
    HAL_InitTick                             0x08000c1f   Thumb Code    66  stm32f1xx_hal.o(i.HAL_InitTick)
    HAL_MspInit                              0x08000c61   Thumb Code    62  stm32f1xx_hal_msp.o(i.HAL_MspInit)
    HAL_NVIC_ClearPendingIRQ                 0x08000c9f   Thumb Code    26  stm32f1xx_hal_cortex.o(i.HAL_NVIC_ClearPendingIRQ)
    HAL_NVIC_EnableIRQ                       0x08000cb9   Thumb Code    26  stm32f1xx_hal_cortex.o(i.HAL_NVIC_EnableIRQ)
    HAL_NVIC_SetPriority                     0x08000cd3   Thumb Code    66  stm32f1xx_hal_cortex.o(i.HAL_NVIC_SetPriority)
    HAL_NVIC_SetPriorityGrouping             0x08000d15   Thumb Code    36  stm32f1xx_hal_cortex.o(i.HAL_NVIC_SetPriorityGrouping)
    HAL_RCC_ClockConfig                      0x08000d39   Thumb Code   310  stm32f1xx_hal_rcc.o(i.HAL_RCC_ClockConfig)
    HAL_RCC_GetPCLK1Freq                     0x08000e6f   Thumb Code    38  stm32f1xx_hal_rcc.o(i.HAL_RCC_GetPCLK1Freq)
    HAL_RCC_GetPCLK2Freq                     0x08000e95   Thumb Code    38  stm32f1xx_hal_rcc.o(i.HAL_RCC_GetPCLK2Freq)
    HAL_RCC_GetSysClockFreq                  0x08000ebb   Thumb Code    92  stm32f1xx_hal_rcc.o(i.HAL_RCC_GetSysClockFreq)
    HAL_RCC_OscConfig                        0x08000f19   Thumb Code   810  stm32f1xx_hal_rcc.o(i.HAL_RCC_OscConfig)
    HAL_SYSTICK_Config                       0x08001243   Thumb Code    40  stm32f1xx_hal_cortex.o(i.HAL_SYSTICK_Config)
    HAL_TIMEx_BreakCallback                  0x0800126b   Thumb Code     2  stm32f1xx_hal_tim_ex.o(i.HAL_TIMEx_BreakCallback)
    HAL_TIMEx_CommutCallback                 0x0800126d   Thumb Code     2  stm32f1xx_hal_tim_ex.o(i.HAL_TIMEx_CommutCallback)
    HAL_TIMEx_MasterConfigSynchronization    0x0800126f   Thumb Code   124  stm32f1xx_hal_tim_ex.o(i.HAL_TIMEx_MasterConfigSynchronization)
    HAL_TIM_Base_Init                        0x080012eb   Thumb Code    90  stm32f1xx_hal_tim.o(i.HAL_TIM_Base_Init)
    HAL_TIM_Base_MspInit                     0x08001345   Thumb Code   120  tim.o(i.HAL_TIM_Base_MspInit)
    HAL_TIM_Base_Start_IT                    0x080013bd   Thumb Code   108  stm32f1xx_hal_tim.o(i.HAL_TIM_Base_Start_IT)
    HAL_TIM_Base_Stop_IT                     0x08001429   Thumb Code    48  stm32f1xx_hal_tim.o(i.HAL_TIM_Base_Stop_IT)
    HAL_TIM_ConfigClockSource                0x08001459   Thumb Code   220  stm32f1xx_hal_tim.o(i.HAL_TIM_ConfigClockSource)
    HAL_TIM_Encoder_Init                     0x08001535   Thumb Code   170  stm32f1xx_hal_tim.o(i.HAL_TIM_Encoder_Init)
    HAL_TIM_Encoder_MspInit                  0x080015df   Thumb Code   108  tim.o(i.HAL_TIM_Encoder_MspInit)
    HAL_TIM_Encoder_Start                    0x0800164b   Thumb Code   142  stm32f1xx_hal_tim.o(i.HAL_TIM_Encoder_Start)
    HAL_TIM_IC_CaptureCallback               0x080016d9   Thumb Code     2  stm32f1xx_hal_tim.o(i.HAL_TIM_IC_CaptureCallback)
    HAL_TIM_IRQHandler                       0x080016db   Thumb Code   358  stm32f1xx_hal_tim.o(i.HAL_TIM_IRQHandler)
    HAL_TIM_MspPostInit                      0x08001841   Thumb Code    74  tim.o(i.HAL_TIM_MspPostInit)
    HAL_TIM_OC_DelayElapsedCallback          0x0800188b   Thumb Code     2  stm32f1xx_hal_tim.o(i.HAL_TIM_OC_DelayElapsedCallback)
    HAL_TIM_PWM_ConfigChannel                0x0800188d   Thumb Code   204  stm32f1xx_hal_tim.o(i.HAL_TIM_PWM_ConfigChannel)
    HAL_TIM_PWM_Init                         0x08001959   Thumb Code    90  stm32f1xx_hal_tim.o(i.HAL_TIM_PWM_Init)
    HAL_TIM_PWM_MspInit                      0x080019b3   Thumb Code     2  stm32f1xx_hal_tim.o(i.HAL_TIM_PWM_MspInit)
    HAL_TIM_PWM_PulseFinishedCallback        0x080019b5   Thumb Code     2  stm32f1xx_hal_tim.o(i.HAL_TIM_PWM_PulseFinishedCallback)
    HAL_TIM_PWM_Start                        0x080019b7   Thumb Code   184  stm32f1xx_hal_tim.o(i.HAL_TIM_PWM_Start)
    HAL_TIM_PeriodElapsedCallback            0x08001a6f   Thumb Code   416  main.o(i.HAL_TIM_PeriodElapsedCallback)
    HAL_TIM_TriggerCallback                  0x08001c0f   Thumb Code     2  stm32f1xx_hal_tim.o(i.HAL_TIM_TriggerCallback)
    HAL_UARTEx_RxEventCallback               0x08001c11   Thumb Code     2  stm32f1xx_hal_uart.o(i.HAL_UARTEx_RxEventCallback)
    HAL_UART_ErrorCallback                   0x08001c13   Thumb Code     2  stm32f1xx_hal_uart.o(i.HAL_UART_ErrorCallback)
    HAL_UART_IRQHandler                      0x08001c15   Thumb Code   624  stm32f1xx_hal_uart.o(i.HAL_UART_IRQHandler)
    HAL_UART_Init                            0x08001e85   Thumb Code   100  stm32f1xx_hal_uart.o(i.HAL_UART_Init)
    HAL_UART_MspInit                         0x08001ee9   Thumb Code   132  usart.o(i.HAL_UART_MspInit)
    HAL_UART_Receive                         0x08001f6d   Thumb Code   172  stm32f1xx_hal_uart.o(i.HAL_UART_Receive)
    HAL_UART_RxCpltCallback                  0x08002019   Thumb Code     2  stm32f1xx_hal_uart.o(i.HAL_UART_RxCpltCallback)
    HAL_UART_Transmit                        0x0800201b   Thumb Code   154  stm32f1xx_hal_uart.o(i.HAL_UART_Transmit)
    HAL_UART_TxCpltCallback                  0x080020b5   Thumb Code     2  stm32f1xx_hal_uart.o(i.HAL_UART_TxCpltCallback)
    HardFault_Handler                        0x080020b7   Thumb Code     2  stm32f1xx_it.o(i.HardFault_Handler)
    MX_GPIO_Init                             0x080020b9   Thumb Code   170  gpio.o(i.MX_GPIO_Init)
    MX_I2C1_Init                             0x08002163   Thumb Code    68  i2c.o(i.MX_I2C1_Init)
    MX_TIM1_Init                             0x080021a7   Thumb Code   124  tim.o(i.MX_TIM1_Init)
    MX_TIM2_Init                             0x08002223   Thumb Code   182  tim.o(i.MX_TIM2_Init)
    MX_TIM3_Init                             0x080022d9   Thumb Code   120  tim.o(i.MX_TIM3_Init)
    MX_TIM4_Init                             0x08002351   Thumb Code   118  tim.o(i.MX_TIM4_Init)
    MX_USART1_UART_Init                      0x080023c7   Thumb Code    60  usart.o(i.MX_USART1_UART_Init)
    MemManage_Handler                        0x08002403   Thumb Code     2  stm32f1xx_it.o(i.MemManage_Handler)
    NMI_Handler                              0x08002405   Thumb Code     2  stm32f1xx_it.o(i.NMI_Handler)
    PendSV_Handler                           0x08002407   Thumb Code     2  stm32f1xx_it.o(i.PendSV_Handler)
    SVC_Handler                              0x08002409   Thumb Code     2  stm32f1xx_it.o(i.SVC_Handler)
    SysTick_Handler                          0x0800240b   Thumb Code     4  stm32f1xx_it.o(i.SysTick_Handler)
    SystemClock_Config                       0x0800240f   Thumb Code    94  main.o(i.SystemClock_Config)
    SystemInit                               0x0800246d   Thumb Code     2  system_stm32f1xx.o(i.SystemInit)
    TIM3_IRQHandler                          0x0800246f   Thumb Code    12  stm32f1xx_it.o(i.TIM3_IRQHandler)
    TIM4_IRQHandler                          0x0800247b   Thumb Code    12  stm32f1xx_it.o(i.TIM4_IRQHandler)
    TIM_Base_SetConfig                       0x08002487   Thumb Code   150  stm32f1xx_hal_tim.o(i.TIM_Base_SetConfig)
    TIM_CCxChannelCmd                        0x0800251d   Thumb Code    26  stm32f1xx_hal_tim.o(i.TIM_CCxChannelCmd)
    TIM_ETR_SetConfig                        0x08002537   Thumb Code    20  stm32f1xx_hal_tim.o(i.TIM_ETR_SetConfig)
    TIM_OC2_SetConfig                        0x080025bf   Thumb Code   110  stm32f1xx_hal_tim.o(i.TIM_OC2_SetConfig)
    USART1_IRQHandler                        0x0800297f   Thumb Code    56  stm32f1xx_it.o(i.USART1_IRQHandler)
    UsageFault_Handler                       0x080029b7   Thumb Code     2  stm32f1xx_it.o(i.UsageFault_Handler)
    __scatterload_copy                       0x080029d9   Thumb Code    14  handlers.o(i.__scatterload_copy)
    __scatterload_null                       0x080029e7   Thumb Code     2  handlers.o(i.__scatterload_null)
    __scatterload_zeroinit                   0x080029e9   Thumb Code    14  handlers.o(i.__scatterload_zeroinit)
    eMBASCIIInit                             0x080029f7   Thumb Code    62  mbascii_1.o(i.eMBASCIIInit)
    eMBASCIIReceive                          0x08002a35   Thumb Code    86  mbascii_1.o(i.eMBASCIIReceive)
    eMBASCIISend                             0x08002a8b   Thumb Code    86  mbascii_1.o(i.eMBASCIISend)
    eMBASCIIStart                            0x08002ae1   Thumb Code    38  mbascii_1.o(i.eMBASCIIStart)
    eMBASCIIStop                             0x08002b07   Thumb Code    28  mbascii_1.o(i.eMBASCIIStop)
    eMBEnable                                0x08002b23   Thumb Code    34  mb_4.o(i.eMBEnable)
    eMBFuncReadCoils                         0x08002b45   Thumb Code   114  mbfunccoils.o(i.eMBFuncReadCoils)
    eMBFuncReadDiscreteInputs                0x08002bb7   Thumb Code   114  mbfuncdisc.o(i.eMBFuncReadDiscreteInputs)
    eMBFuncReadHoldingRegister               0x08002c29   Thumb Code    94  mbfuncholding.o(i.eMBFuncReadHoldingRegister)
    eMBFuncReadInputRegister                 0x08002c87   Thumb Code    98  mbfuncinput.o(i.eMBFuncReadInputRegister)
    eMBFuncReadWriteMultipleHoldingRegister  0x08002ce9   Thumb Code   156  mbfuncholding.o(i.eMBFuncReadWriteMultipleHoldingRegister)
    eMBFuncReportSlaveID                     0x08002d85   Thumb Code    38  mbfuncother.o(i.eMBFuncReportSlaveID)
    eMBFuncWriteCoil                         0x08002dab   Thumb Code    86  mbfunccoils.o(i.eMBFuncWriteCoil)
    eMBFuncWriteHoldingRegister              0x08002e01   Thumb Code    50  mbfuncholding.o(i.eMBFuncWriteHoldingRegister)
    eMBFuncWriteMultipleCoils                0x08002e33   Thumb Code   100  mbfunccoils.o(i.eMBFuncWriteMultipleCoils)
    eMBFuncWriteMultipleHoldingRegister      0x08002e97   Thumb Code    78  mbfuncholding.o(i.eMBFuncWriteMultipleHoldingRegister)
    eMBInit                                  0x08002ee5   Thumb Code   230  mb_4.o(i.eMBInit)
    eMBPoll                                  0x08002fcb   Thumb Code   190  mb_4.o(i.eMBPoll)
    eMBRTUInit                               0x08003089   Thumb Code    72  mbrtu.o(i.eMBRTUInit)
    eMBRTUReceive                            0x080030d1   Thumb Code   104  mbrtu.o(i.eMBRTUReceive)
    eMBRTUSend                               0x08003139   Thumb Code   104  mbrtu.o(i.eMBRTUSend)
    eMBRTUStart                              0x080031a1   Thumb Code    38  mbrtu.o(i.eMBRTUStart)
    eMBRTUStop                               0x080031c7   Thumb Code    28  mbrtu.o(i.eMBRTUStop)
    eMBRegCoilsCB                            0x080031e3   Thumb Code     4  demo.o(i.eMBRegCoilsCB)
    eMBRegDiscreteCB                         0x080031e7   Thumb Code     4  demo.o(i.eMBRegDiscreteCB)
    eMBRegHoldingCB                          0x080031ed   Thumb Code   112  demo.o(i.eMBRegHoldingCB)
    eMBRegInputCB                            0x0800325d   Thumb Code     4  demo.o(i.eMBRegInputCB)
    main                                     0x08003261   Thumb Code   240  main.o(i.main)
    prveMBError2Exception                    0x08003351   Thumb Code    24  mbutils.o(i.prveMBError2Exception)
    prvvTIMERExpiredISR                      0x0800339d   Thumb Code    12  porttimer.o(i.prvvTIMERExpiredISR)
    prvvUARTRxISR                            0x080033a9   Thumb Code    12  portserial.o(i.prvvUARTRxISR)
    prvvUARTTxReadyISR                       0x080033b5   Thumb Code    12  portserial.o(i.prvvUARTTxReadyISR)
    usMBCRC16                                0x080033c1   Thumb Code    44  mbcrc.o(i.usMBCRC16)
    vMBPortSerialEnable                      0x080033ed   Thumb Code    92  portserial.o(i.vMBPortSerialEnable)
    vMBPortTimersDisable                     0x08003449   Thumb Code    36  porttimer.o(i.vMBPortTimersDisable)
    vMBPortTimersEnable                      0x0800346d   Thumb Code    44  porttimer.o(i.vMBPortTimersEnable)
    xMBASCIIReceiveFSM                       0x08003499   Thumb Code   228  mbascii_1.o(i.xMBASCIIReceiveFSM)
    xMBASCIITimerT1SExpired                  0x0800357d   Thumb Code    48  mbascii_1.o(i.xMBASCIITimerT1SExpired)
    xMBASCIITransmitFSM                      0x080035ad   Thumb Code   182  mbascii_1.o(i.xMBASCIITransmitFSM)
    xMBPortEventGet                          0x08003663   Thumb Code    30  portevent.o(i.xMBPortEventGet)
    xMBPortEventInit                         0x08003681   Thumb Code    16  portevent.o(i.xMBPortEventInit)
    xMBPortEventPost                         0x08003691   Thumb Code    18  portevent.o(i.xMBPortEventPost)
    xMBPortSerialGetByte                     0x080036a3   Thumb Code    30  portserial.o(i.xMBPortSerialGetByte)
    xMBPortSerialInit                        0x080036c1   Thumb Code     4  portserial.o(i.xMBPortSerialInit)
    xMBPortSerialPutByte                     0x080036c5   Thumb Code    30  portserial.o(i.xMBPortSerialPutByte)
    xMBPortTimersInit                        0x080036e3   Thumb Code     4  porttimer.o(i.xMBPortTimersInit)
    xMBRTUReceiveFSM                         0x080036e7   Thumb Code   108  mbrtu.o(i.xMBRTUReceiveFSM)
    xMBRTUTimerT35Expired                    0x08003753   Thumb Code    64  mbrtu.o(i.xMBRTUTimerT35Expired)
    xMBRTUTransmitFSM                        0x08003793   Thumb Code    92  mbrtu.o(i.xMBRTUTransmitFSM)
    AHBPrescTable                            0x08003800   Data          16  system_stm32f1xx.o(.constdata)
    APBPrescTable                            0x08003810   Data           8  system_stm32f1xx.o(.constdata)
    Region$$Table$$Base                      0x08003a18   Number         0  anon$$obj.o(Region$$Table)
    Region$$Table$$Limit                     0x08003a38   Number         0  anon$$obj.o(Region$$Table)
    start                                    0x20000000   Data           1  main.o(.data)
    Target                                   0x20000004   Data           2  main.o(.data)
    output                                   0x20000006   Data           2  main.o(.data)
    pwmVal                                   0x20000008   Data           2  main.o(.data)
    err                                      0x2000000a   Data           2  main.o(.data)
    lerr                                     0x2000000c   Data           2  main.o(.data)
    llerr                                    0x2000000e   Data           2  main.o(.data)
    cnt                                      0x20000010   Data           2  main.o(.data)
    kp                                       0x20000014   Data           4  main.o(.data)
    ki                                       0x20000018   Data           4  main.o(.data)
    kd                                       0x2000001c   Data           4  main.o(.data)
    speed                                    0x20000020   Data           4  main.o(.data)
    sum                                      0x20000024   Data           4  main.o(.data)
    usRegHoldingStart                        0x20000028   Data           2  main.o(.data)
    uwTickFreq                               0x2000002c   Data           1  stm32f1xx_hal.o(.data)
    uwTickPrio                               0x20000030   Data           4  stm32f1xx_hal.o(.data)
    uwTick                                   0x20000034   Data           4  stm32f1xx_hal.o(.data)
    SystemCoreClock                          0x20000038   Data           4  system_stm32f1xx.o(.data)
    pxMBFrameCBByteReceived                  0x2000007c   Data           4  mb_4.o(.data)
    pxMBFrameCBTransmitterEmpty              0x20000080   Data           4  mb_4.o(.data)
    pxMBPortCBTimerExpired                   0x20000084   Data           4  mb_4.o(.data)
    usRegHoldingBuf                          0x2000010c   Data          12  main.o(.bss)
    hi2c1                                    0x20000118   Data          84  i2c.o(.bss)
    htim1                                    0x2000016c   Data          72  tim.o(.bss)
    htim2                                    0x200001b4   Data          72  tim.o(.bss)
    htim3                                    0x200001fc   Data          72  tim.o(.bss)
    htim4                                    0x20000244   Data          72  tim.o(.bss)
    huart1                                   0x2000028c   Data          72  usart.o(.bss)
    ucRTUBuf                                 0x200002d4   Data         256  mbrtu.o(.bss)
    __initial_sp                             0x200007f8   Data           0  startup_stm32f103xe.o(STACK)



==============================================================================

Memory Map of the image

  Image Entry point : 0x08000131

  Load Region LR_IROM1 (Base: 0x08000000, Size: 0x00003b4c, Max: 0x00008000, ABSOLUTE)

    Execution Region ER_IROM1 (Exec base: 0x08000000, Load base: 0x08000000, Size: 0x00003a40, Max: 0x00008000, ABSOLUTE)

    Exec Addr    Load Addr    Size         Type   Attr      Idx    E Section Name        Object

    0x08000000   0x08000000   0x00000130   Data   RO            3    RESET               startup_stm32f103xe.o
    0x08000130   0x08000130   0x00000000   Code   RO         4027  * .ARM.Collect$$$$00000000  mc_w.l(entry.o)
    0x08000130   0x08000130   0x00000004   Code   RO         4062    .ARM.Collect$$$$00000001  mc_w.l(entry2.o)
    0x08000134   0x08000134   0x00000004   Code   RO         4065    .ARM.Collect$$$$00000004  mc_w.l(entry5.o)
    0x08000138   0x08000138   0x00000000   Code   RO         4067    .ARM.Collect$$$$00000008  mc_w.l(entry7b.o)
    0x08000138   0x08000138   0x00000000   Code   RO         4069    .ARM.Collect$$$$0000000A  mc_w.l(entry8b.o)
    0x08000138   0x08000138   0x00000008   Code   RO         4070    .ARM.Collect$$$$0000000B  mc_w.l(entry9a.o)
    0x08000140   0x08000140   0x00000004   Code   RO         4077    .ARM.Collect$$$$0000000E  mc_w.l(entry12b.o)
    0x08000144   0x08000144   0x00000000   Code   RO         4072    .ARM.Collect$$$$0000000F  mc_w.l(entry10a.o)
    0x08000144   0x08000144   0x00000000   Code   RO         4074    .ARM.Collect$$$$00000011  mc_w.l(entry11a.o)
    0x08000144   0x08000144   0x00000004   Code   RO         4063    .ARM.Collect$$$$00002712  mc_w.l(entry2.o)
    0x08000148   0x08000148   0x00000024   Code   RO            4    .text               startup_stm32f103xe.o
    0x0800016c   0x0800016c   0x00000020   Code   RO         4030    .text               mc_w.l(llushr.o)
    0x0800018c   0x0800018c   0x00000024   Code   RO         4034    .text               mc_w.l(memcpya.o)
    0x080001b0   0x080001b0   0x00000024   Code   RO         4036    .text               mc_w.l(memseta.o)
    0x080001d4   0x080001d4   0x000000b0   Code   RO         4040    .text               mf_w.l(fadd.o)
    0x08000284   0x08000284   0x00000064   Code   RO         4042    .text               mf_w.l(fmul.o)
    0x080002e8   0x080002e8   0x000000de   Code   RO         4044    .text               mf_w.l(ddiv.o)
    0x080003c6   0x080003c6   0x00000012   Code   RO         4046    .text               mf_w.l(fflti.o)
    0x080003d8   0x080003d8   0x0000000a   Code   RO         4048    .text               mf_w.l(ffltui.o)
    0x080003e2   0x080003e2   0x00000022   Code   RO         4050    .text               mf_w.l(dflti.o)
    0x08000404   0x08000404   0x0000001a   Code   RO         4052    .text               mf_w.l(dfltui.o)
    0x0800041e   0x0800041e   0x00000032   Code   RO         4054    .text               mf_w.l(ffixi.o)
    0x08000450   0x08000450   0x00000028   Code   RO         4056    .text               mf_w.l(ffixui.o)
    0x08000478   0x08000478   0x00000030   Code   RO         4058    .text               mf_w.l(cdrcmple.o)
    0x080004a8   0x080004a8   0x00000038   Code   RO         4060    .text               mf_w.l(d2f.o)
    0x080004e0   0x080004e0   0x00000000   Code   RO         4078    .text               mc_w.l(iusefp.o)
    0x080004e0   0x080004e0   0x0000006e   Code   RO         4079    .text               mf_w.l(fepilogue.o)
    0x0800054e   0x0800054e   0x000000ba   Code   RO         4081    .text               mf_w.l(depilogue.o)
    0x08000608   0x08000608   0x00000024   Code   RO         4083    .text               mc_w.l(init.o)
    0x0800062c   0x0800062c   0x0000001e   Code   RO         4085    .text               mc_w.l(llshl.o)
    0x0800064a   0x0800064a   0x00000002   Code   RO          408    i.BusFault_Handler  stm32f1xx_it.o
    0x0800064c   0x0800064c   0x00000002   Code   RO          409    i.DebugMon_Handler  stm32f1xx_it.o
    0x0800064e   0x0800064e   0x00000004   Code   RO           13    i.Error_Handler     main.o
    0x08000652   0x08000652   0x00000046   Code   RO         1380    i.HAL_DMA_Abort     stm32f1xx_hal_dma.o
    0x08000698   0x08000698   0x00000158   Code   RO         1381    i.HAL_DMA_Abort_IT  stm32f1xx_hal_dma.o
    0x080007f0   0x080007f0   0x000001ec   Code   RO         1316    i.HAL_GPIO_Init     stm32f1xx_hal_gpio.o
    0x080009dc   0x080009dc   0x0000000a   Code   RO         1320    i.HAL_GPIO_WritePin  stm32f1xx_hal_gpio.o
    0x080009e6   0x080009e6   0x0000000c   Code   RO         1010    i.HAL_GetTick       stm32f1xx_hal.o
    0x080009f2   0x080009f2   0x00000194   Code   RO          573    i.HAL_I2C_Init      stm32f1xx_hal_i2c.o
    0x08000b86   0x08000b86   0x00000060   Code   RO          237    i.HAL_I2C_MspInit   i2c.o
    0x08000be6   0x08000be6   0x00000012   Code   RO         1016    i.HAL_IncTick       stm32f1xx_hal.o
    0x08000bf8   0x08000bf8   0x00000026   Code   RO         1017    i.HAL_Init          stm32f1xx_hal.o
    0x08000c1e   0x08000c1e   0x00000042   Code   RO         1018    i.HAL_InitTick      stm32f1xx_hal.o
    0x08000c60   0x08000c60   0x0000003e   Code   RO          502    i.HAL_MspInit       stm32f1xx_hal_msp.o
    0x08000c9e   0x08000c9e   0x0000001a   Code   RO         1475    i.HAL_NVIC_ClearPendingIRQ  stm32f1xx_hal_cortex.o
    0x08000cb8   0x08000cb8   0x0000001a   Code   RO         1477    i.HAL_NVIC_EnableIRQ  stm32f1xx_hal_cortex.o
    0x08000cd2   0x08000cd2   0x00000042   Code   RO         1483    i.HAL_NVIC_SetPriority  stm32f1xx_hal_cortex.o
    0x08000d14   0x08000d14   0x00000024   Code   RO         1484    i.HAL_NVIC_SetPriorityGrouping  stm32f1xx_hal_cortex.o
    0x08000d38   0x08000d38   0x00000136   Code   RO         1174    i.HAL_RCC_ClockConfig  stm32f1xx_hal_rcc.o
    0x08000e6e   0x08000e6e   0x00000026   Code   RO         1181    i.HAL_RCC_GetPCLK1Freq  stm32f1xx_hal_rcc.o
    0x08000e94   0x08000e94   0x00000026   Code   RO         1182    i.HAL_RCC_GetPCLK2Freq  stm32f1xx_hal_rcc.o
    0x08000eba   0x08000eba   0x0000005c   Code   RO         1183    i.HAL_RCC_GetSysClockFreq  stm32f1xx_hal_rcc.o
    0x08000f16   0x08000f16   0x00000002   PAD
    0x08000f18   0x08000f18   0x0000032a   Code   RO         1186    i.HAL_RCC_OscConfig  stm32f1xx_hal_rcc.o
    0x08001242   0x08001242   0x00000028   Code   RO         1488    i.HAL_SYSTICK_Config  stm32f1xx_hal_cortex.o
    0x0800126a   0x0800126a   0x00000002   Code   RO         2684    i.HAL_TIMEx_BreakCallback  stm32f1xx_hal_tim_ex.o
    0x0800126c   0x0800126c   0x00000002   Code   RO         2685    i.HAL_TIMEx_CommutCallback  stm32f1xx_hal_tim_ex.o
    0x0800126e   0x0800126e   0x0000007c   Code   RO         2703    i.HAL_TIMEx_MasterConfigSynchronization  stm32f1xx_hal_tim_ex.o
    0x080012ea   0x080012ea   0x0000005a   Code   RO         1979    i.HAL_TIM_Base_Init  stm32f1xx_hal_tim.o
    0x08001344   0x08001344   0x00000078   Code   RO          279    i.HAL_TIM_Base_MspInit  tim.o
    0x080013bc   0x080013bc   0x0000006c   Code   RO         1984    i.HAL_TIM_Base_Start_IT  stm32f1xx_hal_tim.o
    0x08001428   0x08001428   0x00000030   Code   RO         1987    i.HAL_TIM_Base_Stop_IT  stm32f1xx_hal_tim.o
    0x08001458   0x08001458   0x000000dc   Code   RO         1988    i.HAL_TIM_ConfigClockSource  stm32f1xx_hal_tim.o
    0x08001534   0x08001534   0x000000aa   Code   RO         2000    i.HAL_TIM_Encoder_Init  stm32f1xx_hal_tim.o
    0x080015de   0x080015de   0x0000006c   Code   RO          281    i.HAL_TIM_Encoder_MspInit  tim.o
    0x0800164a   0x0800164a   0x0000008e   Code   RO         2003    i.HAL_TIM_Encoder_Start  stm32f1xx_hal_tim.o
    0x080016d8   0x080016d8   0x00000002   Code   RO         2013    i.HAL_TIM_IC_CaptureCallback  stm32f1xx_hal_tim.o
    0x080016da   0x080016da   0x00000166   Code   RO         2027    i.HAL_TIM_IRQHandler  stm32f1xx_hal_tim.o
    0x08001840   0x08001840   0x0000004a   Code   RO          282    i.HAL_TIM_MspPostInit  tim.o
    0x0800188a   0x0800188a   0x00000002   Code   RO         2030    i.HAL_TIM_OC_DelayElapsedCallback  stm32f1xx_hal_tim.o
    0x0800188c   0x0800188c   0x000000cc   Code   RO         2051    i.HAL_TIM_PWM_ConfigChannel  stm32f1xx_hal_tim.o
    0x08001958   0x08001958   0x0000005a   Code   RO         2054    i.HAL_TIM_PWM_Init  stm32f1xx_hal_tim.o
    0x080019b2   0x080019b2   0x00000002   Code   RO         2056    i.HAL_TIM_PWM_MspInit  stm32f1xx_hal_tim.o
    0x080019b4   0x080019b4   0x00000002   Code   RO         2057    i.HAL_TIM_PWM_PulseFinishedCallback  stm32f1xx_hal_tim.o
    0x080019b6   0x080019b6   0x000000b8   Code   RO         2059    i.HAL_TIM_PWM_Start  stm32f1xx_hal_tim.o
    0x08001a6e   0x08001a6e   0x000001a0   Code   RO           14    i.HAL_TIM_PeriodElapsedCallback  main.o
    0x08001c0e   0x08001c0e   0x00000002   Code   RO         2070    i.HAL_TIM_TriggerCallback  stm32f1xx_hal_tim.o
    0x08001c10   0x08001c10   0x00000002   Code   RO         2963    i.HAL_UARTEx_RxEventCallback  stm32f1xx_hal_uart.o
    0x08001c12   0x08001c12   0x00000002   Code   RO         2977    i.HAL_UART_ErrorCallback  stm32f1xx_hal_uart.o
    0x08001c14   0x08001c14   0x00000270   Code   RO         2980    i.HAL_UART_IRQHandler  stm32f1xx_hal_uart.o
    0x08001e84   0x08001e84   0x00000064   Code   RO         2981    i.HAL_UART_Init     stm32f1xx_hal_uart.o
    0x08001ee8   0x08001ee8   0x00000084   Code   RO          357    i.HAL_UART_MspInit  usart.o
    0x08001f6c   0x08001f6c   0x000000ac   Code   RO         2984    i.HAL_UART_Receive  stm32f1xx_hal_uart.o
    0x08002018   0x08002018   0x00000002   Code   RO         2987    i.HAL_UART_RxCpltCallback  stm32f1xx_hal_uart.o
    0x0800201a   0x0800201a   0x0000009a   Code   RO         2989    i.HAL_UART_Transmit  stm32f1xx_hal_uart.o
    0x080020b4   0x080020b4   0x00000002   Code   RO         2992    i.HAL_UART_TxCpltCallback  stm32f1xx_hal_uart.o
    0x080020b6   0x080020b6   0x00000002   Code   RO          410    i.HardFault_Handler  stm32f1xx_it.o
    0x080020b8   0x080020b8   0x000000aa   Code   RO          212    i.MX_GPIO_Init      gpio.o
    0x08002162   0x08002162   0x00000044   Code   RO          238    i.MX_I2C1_Init      i2c.o
    0x080021a6   0x080021a6   0x0000007c   Code   RO          283    i.MX_TIM1_Init      tim.o
    0x08002222   0x08002222   0x000000b6   Code   RO          284    i.MX_TIM2_Init      tim.o
    0x080022d8   0x080022d8   0x00000078   Code   RO          285    i.MX_TIM3_Init      tim.o
    0x08002350   0x08002350   0x00000076   Code   RO          286    i.MX_TIM4_Init      tim.o
    0x080023c6   0x080023c6   0x0000003c   Code   RO          358    i.MX_USART1_UART_Init  usart.o
    0x08002402   0x08002402   0x00000002   Code   RO          411    i.MemManage_Handler  stm32f1xx_it.o
    0x08002404   0x08002404   0x00000002   Code   RO          412    i.NMI_Handler       stm32f1xx_it.o
    0x08002406   0x08002406   0x00000002   Code   RO          413    i.PendSV_Handler    stm32f1xx_it.o
    0x08002408   0x08002408   0x00000002   Code   RO          414    i.SVC_Handler       stm32f1xx_it.o
    0x0800240a   0x0800240a   0x00000004   Code   RO          415    i.SysTick_Handler   stm32f1xx_it.o
    0x0800240e   0x0800240e   0x0000005e   Code   RO           15    i.SystemClock_Config  main.o
    0x0800246c   0x0800246c   0x00000002   Code   RO         3315    i.SystemInit        system_stm32f1xx.o
    0x0800246e   0x0800246e   0x0000000c   Code   RO          416    i.TIM3_IRQHandler   stm32f1xx_it.o
    0x0800247a   0x0800247a   0x0000000c   Code   RO          417    i.TIM4_IRQHandler   stm32f1xx_it.o
    0x08002486   0x08002486   0x00000096   Code   RO         2072    i.TIM_Base_SetConfig  stm32f1xx_hal_tim.o
    0x0800251c   0x0800251c   0x0000001a   Code   RO         2073    i.TIM_CCxChannelCmd  stm32f1xx_hal_tim.o
    0x08002536   0x08002536   0x00000014   Code   RO         2083    i.TIM_ETR_SetConfig  stm32f1xx_hal_tim.o
    0x0800254a   0x0800254a   0x00000010   Code   RO         2084    i.TIM_ITRx_SetConfig  stm32f1xx_hal_tim.o
    0x0800255a   0x0800255a   0x00000064   Code   RO         2085    i.TIM_OC1_SetConfig  stm32f1xx_hal_tim.o
    0x080025be   0x080025be   0x0000006e   Code   RO         2086    i.TIM_OC2_SetConfig  stm32f1xx_hal_tim.o
    0x0800262c   0x0800262c   0x0000006c   Code   RO         2087    i.TIM_OC3_SetConfig  stm32f1xx_hal_tim.o
    0x08002698   0x08002698   0x0000004e   Code   RO         2088    i.TIM_OC4_SetConfig  stm32f1xx_hal_tim.o
    0x080026e6   0x080026e6   0x00000022   Code   RO         2090    i.TIM_TI1_ConfigInputStage  stm32f1xx_hal_tim.o
    0x08002708   0x08002708   0x00000024   Code   RO         2092    i.TIM_TI2_ConfigInputStage  stm32f1xx_hal_tim.o
    0x0800272c   0x0800272c   0x00000010   Code   RO         2994    i.UART_DMAAbortOnError  stm32f1xx_hal_uart.o
    0x0800273c   0x0800273c   0x0000004e   Code   RO         3004    i.UART_EndRxTransfer  stm32f1xx_hal_uart.o
    0x0800278a   0x0800278a   0x000000c2   Code   RO         3006    i.UART_Receive_IT   stm32f1xx_hal_uart.o
    0x0800284c   0x0800284c   0x000000ba   Code   RO         3007    i.UART_SetConfig    stm32f1xx_hal_uart.o
    0x08002906   0x08002906   0x00000078   Code   RO         3010    i.UART_WaitOnFlagUntilTimeout  stm32f1xx_hal_uart.o
    0x0800297e   0x0800297e   0x00000038   Code   RO          418    i.USART1_IRQHandler  stm32f1xx_it.o
    0x080029b6   0x080029b6   0x00000002   Code   RO          419    i.UsageFault_Handler  stm32f1xx_it.o
    0x080029b8   0x080029b8   0x00000020   Code   RO         1490    i.__NVIC_SetPriority  stm32f1xx_hal_cortex.o
    0x080029d8   0x080029d8   0x0000000e   Code   RO         4089    i.__scatterload_copy  mc_w.l(handlers.o)
    0x080029e6   0x080029e6   0x00000002   Code   RO         4090    i.__scatterload_null  mc_w.l(handlers.o)
    0x080029e8   0x080029e8   0x0000000e   Code   RO         4091    i.__scatterload_zeroinit  mc_w.l(handlers.o)
    0x080029f6   0x080029f6   0x0000003e   Code   RO         3683    i.eMBASCIIInit      mbascii_1.o
    0x08002a34   0x08002a34   0x00000056   Code   RO         3684    i.eMBASCIIReceive   mbascii_1.o
    0x08002a8a   0x08002a8a   0x00000056   Code   RO         3685    i.eMBASCIISend      mbascii_1.o
    0x08002ae0   0x08002ae0   0x00000026   Code   RO         3686    i.eMBASCIIStart     mbascii_1.o
    0x08002b06   0x08002b06   0x0000001c   Code   RO         3687    i.eMBASCIIStop      mbascii_1.o
    0x08002b22   0x08002b22   0x00000022   Code   RO         3771    i.eMBEnable         mb_4.o
    0x08002b44   0x08002b44   0x00000072   Code   RO         3482    i.eMBFuncReadCoils  mbfunccoils.o
    0x08002bb6   0x08002bb6   0x00000072   Code   RO         3524    i.eMBFuncReadDiscreteInputs  mbfuncdisc.o
    0x08002c28   0x08002c28   0x0000005e   Code   RO         3548    i.eMBFuncReadHoldingRegister  mbfuncholding.o
    0x08002c86   0x08002c86   0x00000062   Code   RO         3590    i.eMBFuncReadInputRegister  mbfuncinput.o
    0x08002ce8   0x08002ce8   0x0000009c   Code   RO         3549    i.eMBFuncReadWriteMultipleHoldingRegister  mbfuncholding.o
    0x08002d84   0x08002d84   0x00000026   Code   RO         3614    i.eMBFuncReportSlaveID  mbfuncother.o
    0x08002daa   0x08002daa   0x00000056   Code   RO         3483    i.eMBFuncWriteCoil  mbfunccoils.o
    0x08002e00   0x08002e00   0x00000032   Code   RO         3550    i.eMBFuncWriteHoldingRegister  mbfuncholding.o
    0x08002e32   0x08002e32   0x00000064   Code   RO         3484    i.eMBFuncWriteMultipleCoils  mbfunccoils.o
    0x08002e96   0x08002e96   0x0000004e   Code   RO         3551    i.eMBFuncWriteMultipleHoldingRegister  mbfuncholding.o
    0x08002ee4   0x08002ee4   0x000000e6   Code   RO         3772    i.eMBInit           mb_4.o
    0x08002fca   0x08002fca   0x000000be   Code   RO         3773    i.eMBPoll           mb_4.o
    0x08003088   0x08003088   0x00000048   Code   RO         3384    i.eMBRTUInit        mbrtu.o
    0x080030d0   0x080030d0   0x00000068   Code   RO         3385    i.eMBRTUReceive     mbrtu.o
    0x08003138   0x08003138   0x00000068   Code   RO         3386    i.eMBRTUSend        mbrtu.o
    0x080031a0   0x080031a0   0x00000026   Code   RO         3387    i.eMBRTUStart       mbrtu.o
    0x080031c6   0x080031c6   0x0000001c   Code   RO         3388    i.eMBRTUStop        mbrtu.o
    0x080031e2   0x080031e2   0x00000004   Code   RO         3840    i.eMBRegCoilsCB     demo.o
    0x080031e6   0x080031e6   0x00000004   Code   RO         3841    i.eMBRegDiscreteCB  demo.o
    0x080031ea   0x080031ea   0x00000002   PAD
    0x080031ec   0x080031ec   0x00000070   Code   RO         3842    i.eMBRegHoldingCB   demo.o
    0x0800325c   0x0800325c   0x00000004   Code   RO         3843    i.eMBRegInputCB     demo.o
    0x08003260   0x08003260   0x000000f0   Code   RO           16    i.main              main.o
    0x08003350   0x08003350   0x00000018   Code   RO         3647    i.prveMBError2Exception  mbutils.o
    0x08003368   0x08003368   0x0000001c   Code   RO         3688    i.prvucMBBIN2CHAR   mbascii_1.o
    0x08003384   0x08003384   0x00000018   Code   RO         3689    i.prvucMBLRC        mbascii_1.o
    0x0800339c   0x0800339c   0x0000000c   Code   RO         3988    i.prvvTIMERExpiredISR  porttimer.o
    0x080033a8   0x080033a8   0x0000000c   Code   RO         3920    i.prvvUARTRxISR     portserial.o
    0x080033b4   0x080033b4   0x0000000c   Code   RO         3921    i.prvvUARTTxReadyISR  portserial.o
    0x080033c0   0x080033c0   0x0000002c   Code   RO         3352    i.usMBCRC16         mbcrc.o
    0x080033ec   0x080033ec   0x0000005c   Code   RO         3922    i.vMBPortSerialEnable  portserial.o
    0x08003448   0x08003448   0x00000024   Code   RO         4018    i.vMBPortTimersDisable  porttimer.o
    0x0800346c   0x0800346c   0x0000002c   Code   RO         4012    i.vMBPortTimersEnable  porttimer.o
    0x08003498   0x08003498   0x000000e4   Code   RO         3690    i.xMBASCIIReceiveFSM  mbascii_1.o
    0x0800357c   0x0800357c   0x00000030   Code   RO         3691    i.xMBASCIITimerT1SExpired  mbascii_1.o
    0x080035ac   0x080035ac   0x000000b6   Code   RO         3692    i.xMBASCIITransmitFSM  mbascii_1.o
    0x08003662   0x08003662   0x0000001e   Code   RO         3882    i.xMBPortEventGet   portevent.o
    0x08003680   0x08003680   0x00000010   Code   RO         3883    i.xMBPortEventInit  portevent.o
    0x08003690   0x08003690   0x00000012   Code   RO         3884    i.xMBPortEventPost  portevent.o
    0x080036a2   0x080036a2   0x0000001e   Code   RO         3923    i.xMBPortSerialGetByte  portserial.o
    0x080036c0   0x080036c0   0x00000004   Code   RO         3924    i.xMBPortSerialInit  portserial.o
    0x080036c4   0x080036c4   0x0000001e   Code   RO         3925    i.xMBPortSerialPutByte  portserial.o
    0x080036e2   0x080036e2   0x00000004   Code   RO         3989    i.xMBPortTimersInit  porttimer.o
    0x080036e6   0x080036e6   0x0000006c   Code   RO         3389    i.xMBRTUReceiveFSM  mbrtu.o
    0x08003752   0x08003752   0x00000040   Code   RO         3390    i.xMBRTUTimerT35Expired  mbrtu.o
    0x08003792   0x08003792   0x0000005c   Code   RO         3391    i.xMBRTUTransmitFSM  mbrtu.o
    0x080037ee   0x080037ee   0x00000012   Data   RO         1187    .constdata          stm32f1xx_hal_rcc.o
    0x08003800   0x08003800   0x00000010   Data   RO         3316    .constdata          system_stm32f1xx.o
    0x08003810   0x08003810   0x00000008   Data   RO         3317    .constdata          system_stm32f1xx.o
    0x08003818   0x08003818   0x00000200   Data   RO         3353    .constdata          mbcrc.o
    0x08003a18   0x08003a18   0x00000020   Data   RO         4087    Region$$Table       anon$$obj.o
    0x08003a38   0x08003a38   0x00000005   Data   RO         3694    c.xMBASCIITransmitFSM.0000001c  mbascii_1.o


    Execution Region RW_IRAM1 (Exec base: 0x20000000, Load base: 0x08003a40, Size: 0x000007f8, Max: 0x00002800, ABSOLUTE)

    Exec Addr    Load Addr    Size         Type   Attr      Idx    E Section Name        Object

    0x20000000   0x08003a40   0x00000028   Data   RW           22    .data               main.o
    0x20000028   0x08003a68   0x00000002   Data   RW           23    .data               main.o
    0x2000002a   0x08003a6a   0x00000002   PAD
    0x2000002c   0x08003a6c   0x0000000c   Data   RW         1024    .data               stm32f1xx_hal.o
    0x20000038   0x08003a78   0x00000004   Data   RW         3318    .data               system_stm32f1xx.o
    0x2000003c   0x08003a7c   0x0000000c   Data   RW         3393    .data               mbrtu.o
    0x20000048   0x08003a88   0x00000002   Data   RW         3617    .data               mbfuncother.o
    0x2000004a   0x08003a8a   0x00000002   PAD
    0x2000004c   0x08003a8c   0x00000010   Data   RW         3693    .data               mbascii_1.o
    0x2000005c   0x08003a9c   0x000000ac   Data   RW         3775    .data               mb_4.o
    0x20000108   0x08003b48   0x00000002   Data   RW         3885    .data               portevent.o
    0x2000010a   0x08003b4a   0x00000002   PAD
    0x2000010c        -       0x0000000c   Zero   RW           19    .bss                main.o
    0x20000118        -       0x00000054   Zero   RW          239    .bss                i2c.o
    0x2000016c        -       0x00000120   Zero   RW          287    .bss                tim.o
    0x2000028c        -       0x00000048   Zero   RW          360    .bss                usart.o
    0x200002d4        -       0x00000100   Zero   RW         3392    .bss                mbrtu.o
    0x200003d4        -       0x00000020   Zero   RW         3616    .bss                mbfuncother.o
    0x200003f4   0x08003b4a   0x00000004   PAD
    0x200003f8        -       0x00000400   Zero   RW            1    STACK               startup_stm32f103xe.o


==============================================================================

Image component sizes


      Code (inc. data)   RO Data    RW Data    ZI Data      Debug   Object Name

       124          0          0          0          0       2537   demo.o
       170          0          0          0          0        923   gpio.o
       164          0          0          0         84       1569   i2c.o
       754          0          0         42         12     501325   main.o
       454          0          0        172          0       4172   mb_4.o
       810          0          5         16          0       8627   mbascii_1.o
        44          0        512          0          0       1208   mbcrc.o
       300          0          0          0          0       3690   mbfunccoils.o
       114          0          0          0          0       1544   mbfuncdisc.o
       378          0          0          0          0       5091   mbfuncholding.o
        98          0          0          0          0       1539   mbfuncinput.o
        38          0          0          2         32       1359   mbfuncother.o
       610          0          0         12        256      11763   mbrtu.o
        24          0          0          0          0        616   mbutils.o
        64          0          0          2          0       2060   portevent.o
       180          0          0          0          0       4878   portserial.o
        96          0          0          0          0       1839   porttimer.o
        36          8        304          0       1024        792   startup_stm32f103xe.o
       134          0          0         12          0       5857   stm32f1xx_hal.o
       226          0          0          0          0      29566   stm32f1xx_hal_cortex.o
       414          0          0          0          0       1807   stm32f1xx_hal_dma.o
       502          0          0          0          0       2872   stm32f1xx_hal_gpio.o
       404          0          0          0          0       3195   stm32f1xx_hal_i2c.o
        62          0          0          0          0        838   stm32f1xx_hal_msp.o
      1288          0         18          0          0       5140   stm32f1xx_hal_rcc.o
      2302          0          0          0          0      18520   stm32f1xx_hal_tim.o
       128          0          0          0          0       2373   stm32f1xx_hal_tim_ex.o
      1652          0          0          0          0      11043   stm32f1xx_hal_uart.o
       100          0          0          0          0       5050   stm32f1xx_it.o
         2          0         24          4          0       1075   system_stm32f1xx.o
       846          0          0          0        288       4841   tim.o
       192          0          0          0         72       1678   usart.o

    ----------------------------------------------------------------------
     12714          8        898        268       1772     649387   Object Totals
         0          0         32          0          0          0   (incl. Generated)
         4          0          3          6          4          0   (incl. Padding)

    ----------------------------------------------------------------------

      Code (inc. data)   RO Data    RW Data    ZI Data      Debug   Library Member Name

         0          0          0          0          0          0   entry.o
         0          0          0          0          0          0   entry10a.o
         0          0          0          0          0          0   entry11a.o
         4          0          0          0          0          0   entry12b.o
         8          4          0          0          0          0   entry2.o
         4          0          0          0          0          0   entry5.o
         0          0          0          0          0          0   entry7b.o
         0          0          0          0          0          0   entry8b.o
         8          4          0          0          0          0   entry9a.o
        30          0          0          0          0          0   handlers.o
        36          8          0          0          0         68   init.o
         0          0          0          0          0          0   iusefp.o
        30          0          0          0          0         68   llshl.o
        32          0          0          0          0         68   llushr.o
        36          0          0          0          0         68   memcpya.o
        36          0          0          0          0        108   memseta.o
        48          0          0          0          0         68   cdrcmple.o
        56          0          0          0          0         88   d2f.o
       222          0          0          0          0        100   ddiv.o
       186          0          0          0          0        176   depilogue.o
        34          0          0          0          0         76   dflti.o
        26          0          0          0          0         76   dfltui.o
       176          0          0          0          0        140   fadd.o
       110          0          0          0          0        168   fepilogue.o
        50          0          0          0          0         68   ffixi.o
        40          0          0          0          0         68   ffixui.o
        18          0          0          0          0         68   fflti.o
        10          0          0          0          0         68   ffltui.o
       100          0          0          0          0         76   fmul.o

    ----------------------------------------------------------------------
      1300         16          0          0          0       1620   Library Totals
         0          0          0          0          0          0   (incl. Padding)

    ----------------------------------------------------------------------

      Code (inc. data)   RO Data    RW Data    ZI Data      Debug   Library Name

       224         16          0          0          0        380   mc_w.l
      1076          0          0          0          0       1240   mf_w.l

    ----------------------------------------------------------------------
      1300         16          0          0          0       1620   Library Totals

    ----------------------------------------------------------------------

==============================================================================


      Code (inc. data)   RO Data    RW Data    ZI Data      Debug   

     14014         24        898        268       1772     643203   Grand Totals
     14014         24        898        268       1772     643203   ELF Image Totals
     14014         24        898        268          0          0   ROM Totals

==============================================================================

    Total RO  Size (Code + RO Data)                14912 (  14.56kB)
    Total RW  Size (RW Data + ZI Data)              2040 (   1.99kB)
    Total ROM Size (Code + RO Data + RW Data)      15180 (  14.82kB)

==============================================================================

